Archive member included to satisfy reference by file (symbol)

../Middlewares/ST/STM32_Audio/Addons/PDM/Lib\libPDMFilter_CM4_GCC_wc32.a(pdm_filter.o)
                              ./PDM2PCM/App/pdm2pcm.o (PDM_Filter_Init)
../Middlewares/ST/STM32_Audio/Addons/PDM/Lib\libPDMFilter_CM4_GCC_wc32.a(stm32_crc_lock.o)
                              ../Middlewares/ST/STM32_Audio/Addons/PDM/Lib\libPDMFilter_CM4_GCC_wc32.a(pdm_filter.o) (CRC_Lock)
c:/program files/st/stm32cubeide_1.12.1/stm32cubeide/plugins/com.st.stm32cube.ide.mcu.externaltools.gnu-tools-for-stm32.10.3-2021.10.win32_1.0.200.202301161003/tools/bin/../lib/gcc/arm-none-eabi/10.3.1/../../../../arm-none-eabi/lib/thumb/v7e-m+fp/hard\libc_nano.a(lib_a-errno.o)
                              ./Core/Src/syscalls.o (__errno)
c:/program files/st/stm32cubeide_1.12.1/stm32cubeide/plugins/com.st.stm32cube.ide.mcu.externaltools.gnu-tools-for-stm32.10.3-2021.10.win32_1.0.200.202301161003/tools/bin/../lib/gcc/arm-none-eabi/10.3.1/../../../../arm-none-eabi/lib/thumb/v7e-m+fp/hard\libc_nano.a(lib_a-exit.o)
                              c:/program files/st/stm32cubeide_1.12.1/stm32cubeide/plugins/com.st.stm32cube.ide.mcu.externaltools.gnu-tools-for-stm32.10.3-2021.10.win32_1.0.200.202301161003/tools/bin/../lib/gcc/arm-none-eabi/10.3.1/../../../../arm-none-eabi/lib/thumb/v7e-m+fp/hard/crt0.o (exit)
c:/program files/st/stm32cubeide_1.12.1/stm32cubeide/plugins/com.st.stm32cube.ide.mcu.externaltools.gnu-tools-for-stm32.10.3-2021.10.win32_1.0.200.202301161003/tools/bin/../lib/gcc/arm-none-eabi/10.3.1/../../../../arm-none-eabi/lib/thumb/v7e-m+fp/hard\libc_nano.a(lib_a-impure.o)
                              c:/program files/st/stm32cubeide_1.12.1/stm32cubeide/plugins/com.st.stm32cube.ide.mcu.externaltools.gnu-tools-for-stm32.10.3-2021.10.win32_1.0.200.202301161003/tools/bin/../lib/gcc/arm-none-eabi/10.3.1/../../../../arm-none-eabi/lib/thumb/v7e-m+fp/hard\libc_nano.a(lib_a-exit.o) (_global_impure_ptr)
c:/program files/st/stm32cubeide_1.12.1/stm32cubeide/plugins/com.st.stm32cube.ide.mcu.externaltools.gnu-tools-for-stm32.10.3-2021.10.win32_1.0.200.202301161003/tools/bin/../lib/gcc/arm-none-eabi/10.3.1/../../../../arm-none-eabi/lib/thumb/v7e-m+fp/hard\libc_nano.a(lib_a-init.o)
                              c:/program files/st/stm32cubeide_1.12.1/stm32cubeide/plugins/com.st.stm32cube.ide.mcu.externaltools.gnu-tools-for-stm32.10.3-2021.10.win32_1.0.200.202301161003/tools/bin/../lib/gcc/arm-none-eabi/10.3.1/../../../../arm-none-eabi/lib/thumb/v7e-m+fp/hard/crt0.o (__libc_init_array)
c:/program files/st/stm32cubeide_1.12.1/stm32cubeide/plugins/com.st.stm32cube.ide.mcu.externaltools.gnu-tools-for-stm32.10.3-2021.10.win32_1.0.200.202301161003/tools/bin/../lib/gcc/arm-none-eabi/10.3.1/../../../../arm-none-eabi/lib/thumb/v7e-m+fp/hard\libc_nano.a(lib_a-memset.o)
                              c:/program files/st/stm32cubeide_1.12.1/stm32cubeide/plugins/com.st.stm32cube.ide.mcu.externaltools.gnu-tools-for-stm32.10.3-2021.10.win32_1.0.200.202301161003/tools/bin/../lib/gcc/arm-none-eabi/10.3.1/../../../../arm-none-eabi/lib/thumb/v7e-m+fp/hard/crt0.o (memset)
c:/program files/st/stm32cubeide_1.12.1/stm32cubeide/plugins/com.st.stm32cube.ide.mcu.externaltools.gnu-tools-for-stm32.10.3-2021.10.win32_1.0.200.202301161003/tools/bin/../lib/gcc/arm-none-eabi/10.3.1/../../../../arm-none-eabi/lib/thumb/v7e-m+fp/hard\libm.a(lib_a-sf_round.o)
                              ../Middlewares/ST/STM32_Audio/Addons/PDM/Lib\libPDMFilter_CM4_GCC_wc32.a(pdm_filter.o) (roundf)
c:/program files/st/stm32cubeide_1.12.1/stm32cubeide/plugins/com.st.stm32cube.ide.mcu.externaltools.gnu-tools-for-stm32.10.3-2021.10.win32_1.0.200.202301161003/tools/bin/../lib/gcc/arm-none-eabi/10.3.1/../../../../arm-none-eabi/lib/thumb/v7e-m+fp/hard\libm.a(lib_a-wf_pow.o)
                              ../Middlewares/ST/STM32_Audio/Addons/PDM/Lib\libPDMFilter_CM4_GCC_wc32.a(pdm_filter.o) (powf)
c:/program files/st/stm32cubeide_1.12.1/stm32cubeide/plugins/com.st.stm32cube.ide.mcu.externaltools.gnu-tools-for-stm32.10.3-2021.10.win32_1.0.200.202301161003/tools/bin/../lib/gcc/arm-none-eabi/10.3.1/../../../../arm-none-eabi/lib/thumb/v7e-m+fp/hard\libm.a(lib_a-ef_pow.o)
                              c:/program files/st/stm32cubeide_1.12.1/stm32cubeide/plugins/com.st.stm32cube.ide.mcu.externaltools.gnu-tools-for-stm32.10.3-2021.10.win32_1.0.200.202301161003/tools/bin/../lib/gcc/arm-none-eabi/10.3.1/../../../../arm-none-eabi/lib/thumb/v7e-m+fp/hard\libm.a(lib_a-wf_pow.o) (__ieee754_powf)
c:/program files/st/stm32cubeide_1.12.1/stm32cubeide/plugins/com.st.stm32cube.ide.mcu.externaltools.gnu-tools-for-stm32.10.3-2021.10.win32_1.0.200.202301161003/tools/bin/../lib/gcc/arm-none-eabi/10.3.1/../../../../arm-none-eabi/lib/thumb/v7e-m+fp/hard\libm.a(lib_a-ef_sqrt.o)
[...]
Memory Configuration

Name             Origin             Length             Attributes
CCMRAM           0x0000000010000000 0x0000000000010000 xrw
RAM              0x0000000020000000 0x0000000000020000 xrw
FLASH            0x0000000008000000 0x0000000000100000 xr
*default*        0x0000000000000000 0xffffffffffffffff

Linker script and memory map

LOAD c:/program files/st/stm32cubeide_1.12.1/stm32cubeide/plugins/com.st.stm32cube.ide.mcu.externaltools.gnu-tools-for-stm32.10.3-2021.10.win32_1.0.200.202301161003/tools/bin/../lib/gcc/arm-none-eabi/10.3.1/thumb/v7e-m+fp/hard/crti.o
LOAD c:/program files/st/stm32cubeide_1.12.1/stm32cubeide/plugins/com.st.stm32cube.ide.mcu.externaltools.gnu-tools-for-stm32.10.3-2021.10.win32_1.0.200.202301161003/tools/bin/../lib/gcc/arm-none-eabi/10.3.1/thumb/v7e-m+fp/hard/crtbegin.o
LOAD c:/program files/st/stm32cubeide_1.12.1/stm32cubeide/plugins/com.st.stm32cube.ide.mcu.externaltools.gnu-tools-for-stm32.10.3-2021.10.win32_1.0.200.202301161003/tools/bin/../lib/gcc/arm-none-eabi/10.3.1/../../../../arm-none-eabi/lib/thumb/v7e-m+fp/hard/crt0.o
LOAD ./Core/Src/fonts.o
LOAD ./Core/Src/main.o
LOAD ./Core/Src/ssd1306.o
LOAD ./Core/Src/stm32f4xx_hal_msp.o
LOAD ./Core/Src/stm32f4xx_it.o
LOAD ./Core/Src/syscalls.o
LOAD ./Core/Src/sysmem.o
LOAD ./Core/Src/system_stm32f4xx.o
LOAD ./Core/Startup/startup_stm32f407vgtx.o
LOAD ./Drivers/STM32F4xx_HAL_Driver/Src/stm32f4xx_hal.o
LOAD ./Drivers/STM32F4xx_HAL_Driver/Src/stm32f4xx_hal_cortex.o
LOAD ./Drivers/STM32F4xx_HAL_Driver/Src/stm32f4xx_hal_crc.o
LOAD ./Drivers/STM32F4xx_HAL_Driver/Src/stm32f4xx_hal_dma.o
LOAD ./Drivers/STM32F4xx_HAL_Driver/Src/stm32f4xx_hal_dma_ex.o
LOAD ./Drivers/STM32F4xx_HAL_Driver/Src/stm32f4xx_hal_exti.o
LOAD ./Drivers/STM32F4xx_HAL_Driver/Src/stm32f4xx_hal_flash.o
LOAD ./Drivers/STM32F4xx_HAL_Driver/Src/stm32f4xx_hal_flash_ex.o
LOAD ./Drivers/STM32F4xx_HAL_Driver/Src/stm32f4xx_hal_flash_ramfunc.o
LOAD ./Drivers/STM32F4xx_HAL_Driver/Src/stm32f4xx_hal_gpio.o
LOAD ./Drivers/STM32F4xx_HAL_Driver/Src/stm32f4xx_hal_i2c.o
LOAD ./Drivers/STM32F4xx_HAL_Driver/Src/stm32f4xx_hal_i2c_ex.o
LOAD ./Drivers/STM32F4xx_HAL_Driver/Src/stm32f4xx_hal_i2s.o
LOAD ./Drivers/STM32F4xx_HAL_Driver/Src/stm32f4xx_hal_i2s_ex.o
LOAD ./Drivers/STM32F4xx_HAL_Driver/Src/stm32f4xx_hal_pwr.o
LOAD ./Drivers/STM32F4xx_HAL_Driver/Src/stm32f4xx_hal_pwr_ex.o
LOAD ./Drivers/STM32F4xx_HAL_Driver/Src/stm32f4xx_hal_rcc.o
LOAD ./Drivers/STM32F4xx_HAL_Driver/Src/stm32f4xx_hal_rcc_ex.o
LOAD ./Drivers/STM32F4xx_HAL_Driver/Src/stm32f4xx_hal_tim.o
LOAD ./Drivers/STM32F4xx_HAL_Driver/Src/stm32f4xx_hal_tim_ex.o
LOAD ./PDM2PCM/App/pdm2pcm.o
START GROUP
LOAD ../Middlewares/ST/STM32_Audio/Addons/PDM/Lib\libPDMFilter_CM4_GCC_wc32.a
LOAD ../Middlewares/ST/STM32_Audio/Addons/PDM/Lib\libPDMFilter_CM4_IAR_wc32.a
END GROUP
START GROUP
LOAD c:/program files/st/stm32cubeide_1.12.1/stm32cubeide/plugins/com.st.stm32cube.ide.mcu.externaltools.gnu-tools-for-stm32.10.3-2021.10.win32_1.0.200.202301161003/tools/bin/../lib/gcc/arm-none-eabi/10.3.1/../../../../arm-none-eabi/lib/thumb/v7e-m+fp/hard\libc_nano.a
LOAD c:/program files/st/stm32cubeide_1.12.1/stm32cubeide/plugins/com.st.stm32cube.ide.mcu.externaltools.gnu-tools-for-stm32.10.3-2021.10.win32_1.0.200.202301161003/tools/bin/../lib/gcc/arm-none-eabi/10.3.1/../../../../arm-none-eabi/lib/thumb/v7e-m+fp/hard\libm.a
END GROUP
START GROUP
LOAD c:/program files/st/stm32cubeide_1.12.1/stm32cubeide/plugins/com.st.stm32cube.ide.mcu.externaltools.gnu-tools-for-stm32.10.3-2021.10.win32_1.0.200.202301161003/tools/bin/../lib/gcc/arm-none-eabi/10.3.1/thumb/v7e-m+fp/hard\libgcc.a
LOAD c:/program files/st/stm32cubeide_1.12.1/stm32cubeide/plugins/com.st.stm32cube.ide.mcu.externaltools.gnu-tools-for-stm32.10.3-2021.10.win32_1.0.200.202301161003/tools/bin/../lib/gcc/arm-none-eabi/10.3.1/../../../../arm-none-eabi/lib/thumb/v7e-m+fp/hard\libc_nano.a
END GROUP
START GROUP
LOAD c:/program files/st/stm32cubeide_1.12.1/stm32cubeide/plugins/com.st.stm32cube.ide.mcu.externaltools.gnu-tools-for-stm32.10.3-2021.10.win32_1.0.200.202301161003/tools/bin/../lib/gcc/arm-none-eabi/10.3.1/thumb/v7e-m+fp/hard\libgcc.a
LOAD c:/program files/st/stm32cubeide_1.12.1/stm32cubeide/plugins/com.st.stm32cube.ide.mcu.externaltools.gnu-tools-for-stm32.10.3-2021.10.win32_1.0.200.202301161003/tools/bin/../lib/gcc/arm-none-eabi/10.3.1/../../../../arm-none-eabi/lib/thumb/v7e-m+fp/hard\libc_nano.a
LOAD c:/program files/st/stm32cubeide_1.12.1/stm32cubeide/plugins/com.st.stm32cube.ide.mcu.externaltools.gnu-tools-for-stm32.10.3-2021.10.win32_1.0.200.202301161003/tools/bin/../lib/gcc/arm-none-eabi/10.3.1/../../../../arm-none-eabi/lib/thumb/v7e-m+fp/hard\libnosys.a
END GROUP
START GROUP
LOAD c:/program files/st/stm32cubeide_1.12.1/stm32cubeide/plugins/com.st.stm32cube.ide.mcu.externaltools.gnu-tools-for-stm32.10.3-2021.10.win32_1.0.200.202301161003/tools/bin/../lib/gcc/arm-none-eabi/10.3.1/thumb/v7e-m+fp/hard\libgcc.a
LOAD c:/program files/st/stm32cubeide_1.12.1/stm32cubeide/plugins/com.st.stm32cube.ide.mcu.externaltools.gnu-tools-for-stm32.10.3-2021.10.win32_1.0.200.202301161003/tools/bin/../lib/gcc/arm-none-eabi/10.3.1/../../../../arm-none-eabi/lib/thumb/v7e-m+fp/hard\libc_nano.a
LOAD c:/program files/st/stm32cubeide_1.12.1/stm32cubeide/plugins/com.st.stm32cube.ide.mcu.externaltools.gnu-tools-for-stm32.10.3-2021.10.win32_1.0.200.202301161003/tools/bin/../lib/gcc/arm-none-eabi/10.3.1/../../../../arm-none-eabi/lib/thumb/v7e-m+fp/hard\libnosys.a
END GROUP
LOAD c:/program files/st/stm32cubeide_1.12.1/stm32cubeide/plugins/com.st.stm32cube.ide.mcu.externaltools.gnu-tools-for-stm32.10.3-2021.10.win32_1.0.200.202301161003/tools/bin/../lib/gcc/arm-none-eabi/10.3.1/thumb/v7e-m+fp/hard/crtend.o
LOAD c:/program files/st/stm32cubeide_1.12.1/stm32cubeide/plugins/com.st.stm32cube.ide.mcu.externaltools.gnu-tools-for-stm32.10.3-2021.10.win32_1.0.200.202301161003/tools/bin/../lib/gcc/arm-none-eabi/10.3.1/thumb/v7e-m+fp/hard/crtn.o
                0x0000000020020000                _estack = (ORIGIN (RAM) + LENGTH (RAM))
                0x0000000000000200                _Min_Heap_Size = 0x200
                0x0000000000000400                _Min_Stack_Size = 0x400

.isr_vector     0x0000000008000000      0x188
                0x0000000008000000                . = ALIGN (0x4)
 *(.isr_vector)
 .isr_vector    0x0000000008000000      0x188 ./Core/Startup/startup_stm32f407vgtx.o
                0x0000000008000000                g_pfnVectors
                0x0000000008000188                . = ALIGN (0x4)

.text           0x0000000008000188     0x6dd8
                0x0000000008000188                . = ALIGN (0x4)
 *(.text)
 .text          0x0000000008000188       0x40 c:/program files/st/stm32cubeide_1.12.1/stm32cubeide/plugins/com.st.stm32cube.ide.mcu.externaltools.gnu-tools-for-stm32.10.3-2021.10.win32_1.0.200.202301161003/tools/bin/../lib/gcc/arm-none-eabi/10.3.1/thumb/v7e-m+fp/hard/crtbegin.o
 .text          0x00000000080001c8      0x378 c:/program files/st/stm32cubeide_1.12.1/stm32cubeide/plugins/com.st.stm32cube.ide.mcu.externaltools.gnu-tools-for-stm32.10.3-2021.10.win32_1.0.200.202301161003/tools/bin/../lib/gcc/arm-none-eabi/10.3.1/thumb/v7e-m+fp/hard\libgcc.a(_arm_addsubdf3.o)
                0x00000000080001c8                __aeabi_drsub
                0x00000000080001d0                __aeabi_dsub
                0x00000000080001d0                __subdf3
                0x00000000080001d4                __aeabi_dadd
                0x00000000080001d4                __adddf3
                0x000000000800044c                __floatunsidf
                0x000000000800044c                __aeabi_ui2d
                0x000000000800046c                __floatsidf
                0x000000000800046c                __aeabi_i2d
                0x0000000008000490                __aeabi_f2d
                0x0000000008000490                __extendsfdf2
                0x00000000080004d4                __floatundidf
                0x00000000080004d4                __aeabi_ul2d
                0x00000000080004e4                __floatdidf
                0x00000000080004e4                __aeabi_l2d
 .text          0x0000000008000540      0x424 c:/program files/st/stm32cubeide_1.12.1/stm32cubeide/plugins/com.st.stm32cube.ide.mcu.externaltools.gnu-tools-for-stm32.10.3-2021.10.win32_1.0.200.202301161003/tools/bin/../lib/gcc/arm-none-eabi/10.3.1/thumb/v7e-m+fp/hard\libgcc.a(_arm_muldivdf3.o)
                0x0000000008000540                __aeabi_dmul
                0x0000000008000540                __muldf3
                0x0000000008000794                __divdf3
                0x0000000008000794                __aeabi_ddiv
 .text          0x0000000008000964       0x50 c:/program files/st/stm32cubeide_1.12.1/stm32cubeide/plugins/com.st.stm32cube.ide.mcu.externaltools.gnu-tools-for-stm32.10.3-2021.10.win32_1.0.200.202301161003/tools/bin/../lib/gcc/arm-none-eabi/10.3.1/thumb/v7e-m+fp/hard\libgcc.a(_arm_fixdfsi.o)
                0x0000000008000964                __aeabi_d2iz
                0x0000000008000964                __fixdfsi
 .text          0x00000000080009b4       0x30 c:/program files/st/stm32cubeide_1.12.1/stm32cubeide/plugins/com.st.stm32cube.ide.mcu.externaltools.gnu-tools-for-stm32.10.3-2021.10.win32_1.0.200.202301161003/tools/bin/../lib/gcc/arm-none-eabi/10.3.1/thumb/v7e-m+fp/hard\libgcc.a(_aeabi_uldivmod.o)
                0x00000000080009b4                __aeabi_uldivmod
 .text          0x00000000080009e4      0x2d0 c:/program files/st/stm32cubeide_1.12.1/stm32cubeide/plugins/com.st.stm32cube.ide.mcu.externaltools.gnu-tools-for-stm32.10.3-2021.10.win32_1.0.200.202301161003/tools/bin/../lib/gcc/arm-none-eabi/10.3.1/thumb/v7e-m+fp/hard\libgcc.a(_udivmoddi4.o)
                0x00000000080009e4                __udivmoddi4
 .text          0x0000000008000cb4        0x4 c:/program files/st/stm32cubeide_1.12.1/stm32cubeide/plugins/com.st.stm32cube.ide.mcu.externaltools.gnu-tools-for-stm32.10.3-2021.10.win32_1.0.200.202301161003/tools/bin/../lib/gcc/arm-none-eabi/10.3.1/thumb/v7e-m+fp/hard\libgcc.a(_dvmd_tls.o)
                0x0000000008000cb4                __aeabi_idiv0
                0x0000000008000cb4                __aeabi_ldiv0
 *(.text*)
 .text.main     0x0000000008000cb8      0x214 ./Core/Src/main.o
                0x0000000008000cb8                main
 .text.SystemClock_Config
                0x0000000008000ecc       0xd4 ./Core/Src/main.o
                0x0000000008000ecc                SystemClock_Config
 .text.MX_CRC_Init
                0x0000000008000fa0       0x38 ./Core/Src/main.o
 .text.MX_I2C1_Init
                0x0000000008000fd8       0x5c ./Core/Src/main.o
 .text.MX_I2S2_Init
                0x0000000008001034       0x5c ./Core/Src/main.o
 .text.MX_DMA_Init
                0x0000000008001090       0x40 ./Core/Src/main.o
 .text.MX_GPIO_Init
                0x00000000080010d0      0x118 ./Core/Src/main.o
 .text.HAL_I2S_RxHalfCpltCallback
                0x00000000080011e8       0x20 ./Core/Src/main.o
                0x00000000080011e8                HAL_I2S_RxHalfCpltCallback
 .text.HAL_I2S_RxCpltCallback
                0x0000000008001208       0x20 ./Core/Src/main.o
                0x0000000008001208                HAL_I2S_RxCpltCallback
 .text.Error_Handler
                0x0000000008001228        0xa ./Core/Src/main.o
                0x0000000008001228                Error_Handler
 .text.ssd1306_WriteCommand
                0x0000000008001232       0x2e ./Core/Src/ssd1306.o
 .text.ssd1306_Init
                0x0000000008001260      0x240 ./Core/Src/ssd1306.o
                0x0000000008001260                ssd1306_Init
 .text.ssd1306_Fill
                0x00000000080014a0       0x48 ./Core/Src/ssd1306.o
                0x00000000080014a0                ssd1306_Fill
 .text.ssd1306_UpdateScreen
                0x00000000080014e8       0x64 ./Core/Src/ssd1306.o
                0x00000000080014e8                ssd1306_UpdateScreen
 .text.ssd1306_DrawPixel
                0x000000000800154c       0xc0 ./Core/Src/ssd1306.o
                0x000000000800154c                ssd1306_DrawPixel
 .text.ssd1306_WriteChar
                0x000000000800160c      0x100 ./Core/Src/ssd1306.o
                0x000000000800160c                ssd1306_WriteChar
 .text.ssd1306_WriteString
                0x000000000800170c       0x4c ./Core/Src/ssd1306.o
                0x000000000800170c                ssd1306_WriteString
 .text.ssd1306_SetCursor
                0x0000000008001758       0x30 ./Core/Src/ssd1306.o
                0x0000000008001758                ssd1306_SetCursor
 .text.HAL_MspInit
                0x0000000008001788       0x50 ./Core/Src/stm32f4xx_hal_msp.o
                0x0000000008001788                HAL_MspInit
 .text.HAL_CRC_MspInit
                0x00000000080017d8       0x44 ./Core/Src/stm32f4xx_hal_msp.o
                0x00000000080017d8                HAL_CRC_MspInit
 .text.HAL_I2C_MspInit
                0x000000000800181c       0x90 ./Core/Src/stm32f4xx_hal_msp.o
                0x000000000800181c                HAL_I2C_MspInit
 .text.HAL_I2S_MspInit
                0x00000000080018ac      0x16c ./Core/Src/stm32f4xx_hal_msp.o
                0x00000000080018ac                HAL_I2S_MspInit
 .text.NMI_Handler
                0x0000000008001a18        0x6 ./Core/Src/stm32f4xx_it.o
                0x0000000008001a18                NMI_Handler
 .text.HardFault_Handler
                0x0000000008001a1e        0x6 ./Core/Src/stm32f4xx_it.o
                0x0000000008001a1e                HardFault_Handler
 .text.MemManage_Handler
                0x0000000008001a24        0x6 ./Core/Src/stm32f4xx_it.o
                0x0000000008001a24                MemManage_Handler
 .text.BusFault_Handler
                0x0000000008001a2a        0x6 ./Core/Src/stm32f4xx_it.o
                0x0000000008001a2a                BusFault_Handler
 .text.UsageFault_Handler
                0x0000000008001a30        0x6 ./Core/Src/stm32f4xx_it.o
                0x0000000008001a30                UsageFault_Handler
 .text.SVC_Handler
                0x0000000008001a36        0xe ./Core/Src/stm32f4xx_it.o
                0x0000000008001a36                SVC_Handler
 .text.DebugMon_Handler
                0x0000000008001a44        0xe ./Core/Src/stm32f4xx_it.o
                0x0000000008001a44                DebugMon_Handler
 .text.PendSV_Handler
                0x0000000008001a52        0xe ./Core/Src/stm32f4xx_it.o
                0x0000000008001a52                PendSV_Handler
 .text.SysTick_Handler
                0x0000000008001a60        0xc ./Core/Src/stm32f4xx_it.o
                0x0000000008001a60                SysTick_Handler
 .text.DMA1_Stream3_IRQHandler
                0x0000000008001a6c       0x14 ./Core/Src/stm32f4xx_it.o
                0x0000000008001a6c                DMA1_Stream3_IRQHandler
 .text.SystemInit
                0x0000000008001a80       0x24 ./Core/Src/system_stm32f4xx.o
                0x0000000008001a80                SystemInit
 .text.Reset_Handler
                0x0000000008001aa4       0x50 ./Core/Startup/startup_stm32f407vgtx.o
                0x0000000008001aa4                Reset_Handler
 .text.Default_Handler
                0x0000000008001af4        0x2 ./Core/Startup/startup_stm32f407vgtx.o
                0x0000000008001af4                RTC_Alarm_IRQHandler
                0x0000000008001af4                HASH_RNG_IRQHandler
                0x0000000008001af4                EXTI2_IRQHandler
                0x0000000008001af4                TIM8_CC_IRQHandler
                0x0000000008001af4                TIM1_CC_IRQHandler
                0x0000000008001af4                DMA2_Stream5_IRQHandler
                0x0000000008001af4                DMA1_Stream5_IRQHandler
                0x0000000008001af4                PVD_IRQHandler
                0x0000000008001af4                SDIO_IRQHandler
                0x0000000008001af4                TAMP_STAMP_IRQHandler
                0x0000000008001af4                CAN2_RX1_IRQHandler
                0x0000000008001af4                EXTI3_IRQHandler
                0x0000000008001af4                TIM8_TRG_COM_TIM14_IRQHandler
                0x0000000008001af4                TIM1_UP_TIM10_IRQHandler
                0x0000000008001af4                TIM8_UP_TIM13_IRQHandler
                0x0000000008001af4                I2C3_ER_IRQHandler
                0x0000000008001af4                EXTI0_IRQHandler
                0x0000000008001af4                I2C2_EV_IRQHandler
                0x0000000008001af4                DMA1_Stream2_IRQHandler
                0x0000000008001af4                CAN1_RX0_IRQHandler
                0x0000000008001af4                FPU_IRQHandler
                0x0000000008001af4                OTG_HS_WKUP_IRQHandler
                0x0000000008001af4                CAN2_SCE_IRQHandler
                0x0000000008001af4                DMA2_Stream2_IRQHandler
                0x0000000008001af4                SPI1_IRQHandler
                0x0000000008001af4                TIM6_DAC_IRQHandler
                0x0000000008001af4                TIM1_BRK_TIM9_IRQHandler
                0x0000000008001af4                DCMI_IRQHandler
                0x0000000008001af4                CAN2_RX0_IRQHandler
                0x0000000008001af4                DMA2_Stream3_IRQHandler
                0x0000000008001af4                USART6_IRQHandler
                0x0000000008001af4                USART3_IRQHandler
                0x0000000008001af4                CAN1_RX1_IRQHandler
                0x0000000008001af4                UART5_IRQHandler
                0x0000000008001af4                DMA2_Stream0_IRQHandler
                0x0000000008001af4                TIM4_IRQHandler
                0x0000000008001af4                I2C1_EV_IRQHandler
                0x0000000008001af4                DMA1_Stream6_IRQHandler
                0x0000000008001af4                DMA1_Stream1_IRQHandler
                0x0000000008001af4                UART4_IRQHandler
                0x0000000008001af4                TIM3_IRQHandler
                0x0000000008001af4                RCC_IRQHandler
                0x0000000008001af4                TIM8_BRK_TIM12_IRQHandler
                0x0000000008001af4                Default_Handler
                0x0000000008001af4                EXTI15_10_IRQHandler
                0x0000000008001af4                ADC_IRQHandler
                0x0000000008001af4                DMA1_Stream7_IRQHandler
                0x0000000008001af4                TIM7_IRQHandler
                0x0000000008001af4                CAN2_TX_IRQHandler
                0x0000000008001af4                TIM5_IRQHandler
                0x0000000008001af4                DMA2_Stream7_IRQHandler
                0x0000000008001af4                I2C3_EV_IRQHandler
                0x0000000008001af4                EXTI9_5_IRQHandler
                0x0000000008001af4                RTC_WKUP_IRQHandler
                0x0000000008001af4                ETH_WKUP_IRQHandler
                0x0000000008001af4                SPI2_IRQHandler
                0x0000000008001af4                OTG_HS_EP1_IN_IRQHandler
                0x0000000008001af4                DMA1_Stream0_IRQHandler
                0x0000000008001af4                CAN1_TX_IRQHandler
                0x0000000008001af4                EXTI4_IRQHandler
                0x0000000008001af4                FSMC_IRQHandler
                0x0000000008001af4                ETH_IRQHandler
                0x0000000008001af4                OTG_HS_EP1_OUT_IRQHandler
                0x0000000008001af4                WWDG_IRQHandler
                0x0000000008001af4                TIM2_IRQHandler
                0x0000000008001af4                OTG_FS_WKUP_IRQHandler
                0x0000000008001af4                TIM1_TRG_COM_TIM11_IRQHandler
                0x0000000008001af4                OTG_HS_IRQHandler
                0x0000000008001af4                EXTI1_IRQHandler
                0x0000000008001af4                USART2_IRQHandler
                0x0000000008001af4                I2C2_ER_IRQHandler
                0x0000000008001af4                DMA2_Stream1_IRQHandler
                0x0000000008001af4                CAN1_SCE_IRQHandler
                0x0000000008001af4                FLASH_IRQHandler
                0x0000000008001af4                DMA2_Stream4_IRQHandler
                0x0000000008001af4                USART1_IRQHandler
                0x0000000008001af4                OTG_FS_IRQHandler
                0x0000000008001af4                SPI3_IRQHandler
                0x0000000008001af4                DMA1_Stream4_IRQHandler
                0x0000000008001af4                I2C1_ER_IRQHandler
                0x0000000008001af4                DMA2_Stream6_IRQHandler
 *fill*         0x0000000008001af6        0x2 
 .text.HAL_Init
                0x0000000008001af8       0x44 ./Drivers/STM32F4xx_HAL_Driver/Src/stm32f4xx_hal.o
                0x0000000008001af8                HAL_Init
 .text.HAL_InitTick
                0x0000000008001b3c       0x60 ./Drivers/STM32F4xx_HAL_Driver/Src/stm32f4xx_hal.o
                0x0000000008001b3c                HAL_InitTick
 .text.HAL_IncTick
                0x0000000008001b9c       0x28 ./Drivers/STM32F4xx_HAL_Driver/Src/stm32f4xx_hal.o
                0x0000000008001b9c                HAL_IncTick
 .text.HAL_GetTick
                0x0000000008001bc4       0x18 ./Drivers/STM32F4xx_HAL_Driver/Src/stm32f4xx_hal.o
                0x0000000008001bc4                HAL_GetTick
 .text.HAL_Delay
                0x0000000008001bdc       0x48 ./Drivers/STM32F4xx_HAL_Driver/Src/stm32f4xx_hal.o
                0x0000000008001bdc                HAL_Delay
 .text.__NVIC_SetPriorityGrouping
                0x0000000008001c24       0x48 ./Drivers/STM32F4xx_HAL_Driver/Src/stm32f4xx_hal_cortex.o
 .text.__NVIC_GetPriorityGrouping
                0x0000000008001c6c       0x1c ./Drivers/STM32F4xx_HAL_Driver/Src/stm32f4xx_hal_cortex.o
 .text.__NVIC_EnableIRQ
                0x0000000008001c88       0x3c ./Drivers/STM32F4xx_HAL_Driver/Src/stm32f4xx_hal_cortex.o
 .text.__NVIC_SetPriority
                0x0000000008001cc4       0x54 ./Drivers/STM32F4xx_HAL_Driver/Src/stm32f4xx_hal_cortex.o
 .text.NVIC_EncodePriority
                0x0000000008001d18       0x66 ./Drivers/STM32F4xx_HAL_Driver/Src/stm32f4xx_hal_cortex.o
 *fill*         0x0000000008001d7e        0x2 
 .text.SysTick_Config
                0x0000000008001d80       0x44 ./Drivers/STM32F4xx_HAL_Driver/Src/stm32f4xx_hal_cortex.o
 .text.HAL_NVIC_SetPriorityGrouping
                0x0000000008001dc4       0x16 ./Drivers/STM32F4xx_HAL_Driver/Src/stm32f4xx_hal_cortex.o
                0x0000000008001dc4                HAL_NVIC_SetPriorityGrouping
 .text.HAL_NVIC_SetPriority
                0x0000000008001dda       0x38 ./Drivers/STM32F4xx_HAL_Driver/Src/stm32f4xx_hal_cortex.o
                0x0000000008001dda                HAL_NVIC_SetPriority
 .text.HAL_NVIC_EnableIRQ
                0x0000000008001e12       0x1c ./Drivers/STM32F4xx_HAL_Driver/Src/stm32f4xx_hal_cortex.o
                0x0000000008001e12                HAL_NVIC_EnableIRQ
 .text.HAL_SYSTICK_Config
                0x0000000008001e2e       0x18 ./Drivers/STM32F4xx_HAL_Driver/Src/stm32f4xx_hal_cortex.o
                0x0000000008001e2e                HAL_SYSTICK_Config
 .text.HAL_CRC_Init
                0x0000000008001e46       0x38 ./Drivers/STM32F4xx_HAL_Driver/Src/stm32f4xx_hal_crc.o
                0x0000000008001e46                HAL_CRC_Init
 *fill*         0x0000000008001e7e        0x2 
 .text.HAL_DMA_Init
                0x0000000008001e80      0x15c ./Drivers/STM32F4xx_HAL_Driver/Src/stm32f4xx_hal_dma.o
                0x0000000008001e80                HAL_DMA_Init
 .text.HAL_DMA_Start_IT
                0x0000000008001fdc       0xb0 ./Drivers/STM32F4xx_HAL_Driver/Src/stm32f4xx_hal_dma.o
                0x0000000008001fdc                HAL_DMA_Start_IT
 .text.HAL_DMA_IRQHandler
                0x000000000800208c      0x314 ./Drivers/STM32F4xx_HAL_Driver/Src/stm32f4xx_hal_dma.o
                0x000000000800208c                HAL_DMA_IRQHandler
 .text.DMA_SetConfig
                0x00000000080023a0       0x5c ./Drivers/STM32F4xx_HAL_Driver/Src/stm32f4xx_hal_dma.o
 .text.DMA_CalcBaseAndBitshift
                0x00000000080023fc       0x6c ./Drivers/STM32F4xx_HAL_Driver/Src/stm32f4xx_hal_dma.o
 .text.DMA_CheckFifoParam
                0x0000000008002468       0xf8 ./Drivers/STM32F4xx_HAL_Driver/Src/stm32f4xx_hal_dma.o
 .text.HAL_GPIO_Init
                0x0000000008002560      0x338 ./Drivers/STM32F4xx_HAL_Driver/Src/stm32f4xx_hal_gpio.o
                0x0000000008002560                HAL_GPIO_Init
 .text.HAL_GPIO_WritePin
                0x0000000008002898       0x32 ./Drivers/STM32F4xx_HAL_Driver/Src/stm32f4xx_hal_gpio.o
                0x0000000008002898                HAL_GPIO_WritePin
 *fill*         0x00000000080028ca        0x2 
 .text.HAL_I2C_Init
                0x00000000080028cc      0x288 ./Drivers/STM32F4xx_HAL_Driver/Src/stm32f4xx_hal_i2c.o
                0x00000000080028cc                HAL_I2C_Init
 .text.HAL_I2C_Mem_Write
                0x0000000008002b54      0x1f4 ./Drivers/STM32F4xx_HAL_Driver/Src/stm32f4xx_hal_i2c.o
                0x0000000008002b54                HAL_I2C_Mem_Write
 .text.I2C_RequestMemoryWrite
                0x0000000008002d48      0x12c ./Drivers/STM32F4xx_HAL_Driver/Src/stm32f4xx_hal_i2c.o
 .text.I2C_WaitOnFlagUntilTimeout
                0x0000000008002e74       0xae ./Drivers/STM32F4xx_HAL_Driver/Src/stm32f4xx_hal_i2c.o
 .text.I2C_WaitOnMasterAddressFlagUntilTimeout
                0x0000000008002f22       0xfe ./Drivers/STM32F4xx_HAL_Driver/Src/stm32f4xx_hal_i2c.o
 .text.I2C_WaitOnTXEFlagUntilTimeout
                0x0000000008003020       0x82 ./Drivers/STM32F4xx_HAL_Driver/Src/stm32f4xx_hal_i2c.o
 .text.I2C_WaitOnBTFFlagUntilTimeout
                0x00000000080030a2       0x82 ./Drivers/STM32F4xx_HAL_Driver/Src/stm32f4xx_hal_i2c.o
 .text.I2C_IsAcknowledgeFailed
                0x0000000008003124       0x5e ./Drivers/STM32F4xx_HAL_Driver/Src/stm32f4xx_hal_i2c.o
 *fill*         0x0000000008003182        0x2 
 .text.HAL_I2S_Init
                0x0000000008003184      0x280 ./Drivers/STM32F4xx_HAL_Driver/Src/stm32f4xx_hal_i2s.o
                0x0000000008003184                HAL_I2S_Init
 .text.HAL_I2S_Receive_DMA
                0x0000000008003404      0x178 ./Drivers/STM32F4xx_HAL_Driver/Src/stm32f4xx_hal_i2s.o
                0x0000000008003404                HAL_I2S_Receive_DMA
 .text.HAL_I2S_TxCpltCallback
                0x000000000800357c       0x14 ./Drivers/STM32F4xx_HAL_Driver/Src/stm32f4xx_hal_i2s.o
                0x000000000800357c                HAL_I2S_TxCpltCallback
 .text.HAL_I2S_ErrorCallback
                0x0000000008003590       0x14 ./Drivers/STM32F4xx_HAL_Driver/Src/stm32f4xx_hal_i2s.o
                0x0000000008003590                HAL_I2S_ErrorCallback
 .text.I2S_DMARxCplt
                0x00000000080035a4       0x42 ./Drivers/STM32F4xx_HAL_Driver/Src/stm32f4xx_hal_i2s.o
 .text.I2S_DMARxHalfCplt
                0x00000000080035e6       0x1c ./Drivers/STM32F4xx_HAL_Driver/Src/stm32f4xx_hal_i2s.o
 .text.I2S_DMAError
                0x0000000008003602       0x4c ./Drivers/STM32F4xx_HAL_Driver/Src/stm32f4xx_hal_i2s.o
 .text.I2S_Transmit_IT
                0x000000000800364e       0x5c ./Drivers/STM32F4xx_HAL_Driver/Src/stm32f4xx_hal_i2s.o
 .text.I2S_Receive_IT
                0x00000000080036aa       0x5e ./Drivers/STM32F4xx_HAL_Driver/Src/stm32f4xx_hal_i2s.o
 .text.I2S_IRQHandler
                0x0000000008003708      0x114 ./Drivers/STM32F4xx_HAL_Driver/Src/stm32f4xx_hal_i2s.o
 .text.HAL_I2SEx_FullDuplex_IRQHandler
                0x000000000800381c      0x2a8 ./Drivers/STM32F4xx_HAL_Driver/Src/stm32f4xx_hal_i2s_ex.o
                0x000000000800381c                HAL_I2SEx_FullDuplex_IRQHandler
 .text.HAL_I2SEx_TxRxCpltCallback
                0x0000000008003ac4       0x14 ./Drivers/STM32F4xx_HAL_Driver/Src/stm32f4xx_hal_i2s_ex.o
                0x0000000008003ac4                HAL_I2SEx_TxRxCpltCallback
 .text.I2SEx_TxISR_I2S
                0x0000000008003ad8       0x62 ./Drivers/STM32F4xx_HAL_Driver/Src/stm32f4xx_hal_i2s_ex.o
 *fill*         0x0000000008003b3a        0x2 
 .text.I2SEx_TxISR_I2SExt
                0x0000000008003b3c       0x98 ./Drivers/STM32F4xx_HAL_Driver/Src/stm32f4xx_hal_i2s_ex.o
 .text.I2SEx_RxISR_I2S
                0x0000000008003bd4       0x64 ./Drivers/STM32F4xx_HAL_Driver/Src/stm32f4xx_hal_i2s_ex.o
 .text.I2SEx_RxISR_I2SExt
                0x0000000008003c38       0x98 ./Drivers/STM32F4xx_HAL_Driver/Src/stm32f4xx_hal_i2s_ex.o
 .text.HAL_RCC_OscConfig
                0x0000000008003cd0      0x4f0 ./Drivers/STM32F4xx_HAL_Driver/Src/stm32f4xx_hal_rcc.o
                0x0000000008003cd0                HAL_RCC_OscConfig
 .text.HAL_RCC_ClockConfig
                0x00000000080041c0      0x1cc ./Drivers/STM32F4xx_HAL_Driver/Src/stm32f4xx_hal_rcc.o
                0x00000000080041c0                HAL_RCC_ClockConfig
 .text.HAL_RCC_GetSysClockFreq
                0x000000000800438c      0x20c ./Drivers/STM32F4xx_HAL_Driver/Src/stm32f4xx_hal_rcc.o
                0x000000000800438c                HAL_RCC_GetSysClockFreq
 .text.HAL_RCC_GetHCLKFreq
                0x0000000008004598       0x18 ./Drivers/STM32F4xx_HAL_Driver/Src/stm32f4xx_hal_rcc.o
                0x0000000008004598                HAL_RCC_GetHCLKFreq
 .text.HAL_RCC_GetPCLK1Freq
                0x00000000080045b0       0x28 ./Drivers/STM32F4xx_HAL_Driver/Src/stm32f4xx_hal_rcc.o
                0x00000000080045b0                HAL_RCC_GetPCLK1Freq
 .text.HAL_RCCEx_PeriphCLKConfig
                0x00000000080045d8      0x1c4 ./Drivers/STM32F4xx_HAL_Driver/Src/stm32f4xx_hal_rcc_ex.o
                0x00000000080045d8                HAL_RCCEx_PeriphCLKConfig
 .text.HAL_RCCEx_GetPeriphCLKFreq
                0x000000000800479c       0xbc ./Drivers/STM32F4xx_HAL_Driver/Src/stm32f4xx_hal_rcc_ex.o
                0x000000000800479c                HAL_RCCEx_GetPeriphCLKFreq
 .text.MX_PDM2PCM_Init
                0x0000000008004858       0x54 ./PDM2PCM/App/pdm2pcm.o
                0x0000000008004858                MX_PDM2PCM_Init
 .text.D16_GENERIC
                0x00000000080048ac      0x120 ../Middlewares/ST/STM32_Audio/Addons/PDM/Lib\libPDMFilter_CM4_GCC_wc32.a(pdm_filter.o)
 .text.D24_GENERIC
                0x00000000080049cc      0x190 ../Middlewares/ST/STM32_Audio/Addons/PDM/Lib\libPDMFilter_CM4_GCC_wc32.a(pdm_filter.o)
 .text.D32_GENERIC
                0x0000000008004b5c      0x198 ../Middlewares/ST/STM32_Audio/Addons/PDM/Lib\libPDMFilter_CM4_GCC_wc32.a(pdm_filter.o)
 .text.D48_GENERIC
                0x0000000008004cf4      0x1ec ../Middlewares/ST/STM32_Audio/Addons/PDM/Lib\libPDMFilter_CM4_GCC_wc32.a(pdm_filter.o)
 .text.D64_GENERIC
                0x0000000008004ee0      0x220 ../Middlewares/ST/STM32_Audio/Addons/PDM/Lib\libPDMFilter_CM4_GCC_wc32.a(pdm_filter.o)
 .text.D80_GENERIC
                0x0000000008005100      0x2a0 ../Middlewares/ST/STM32_Audio/Addons/PDM/Lib\libPDMFilter_CM4_GCC_wc32.a(pdm_filter.o)
 .text.D128_GENERIC
                0x00000000080053a0      0x3f0 ../Middlewares/ST/STM32_Audio/Addons/PDM/Lib\libPDMFilter_CM4_GCC_wc32.a(pdm_filter.o)
 .text.D16_1CH_HTONS_VOL_HP
                0x0000000008005790       0xe4 ../Middlewares/ST/STM32_Audio/Addons/PDM/Lib\libPDMFilter_CM4_GCC_wc32.a(pdm_filter.o)
 .text.D24_1CH_HTONS_VOL_HP
                0x0000000008005874      0x138 ../Middlewares/ST/STM32_Audio/Addons/PDM/Lib\libPDMFilter_CM4_GCC_wc32.a(pdm_filter.o)
 .text.D32_1CH_HTONS_VOL_HP
                0x00000000080059ac      0x144 ../Middlewares/ST/STM32_Audio/Addons/PDM/Lib\libPDMFilter_CM4_GCC_wc32.a(pdm_filter.o)
 .text.D48_1CH_HTONS_VOL_HP
                0x0000000008005af0      0x16c ../Middlewares/ST/STM32_Audio/Addons/PDM/Lib\libPDMFilter_CM4_GCC_wc32.a(pdm_filter.o)
 .text.D64_1CH_HTONS_VOL_HP
                0x0000000008005c5c      0x1b8 ../Middlewares/ST/STM32_Audio/Addons/PDM/Lib\libPDMFilter_CM4_GCC_wc32.a(pdm_filter.o)
 .text.D80_1CH_HTONS_VOL_HP
                0x0000000008005e14      0x214 ../Middlewares/ST/STM32_Audio/Addons/PDM/Lib\libPDMFilter_CM4_GCC_wc32.a(pdm_filter.o)
 .text.D128_1CH_HTONS_VOL_HP
                0x0000000008006028      0x324 ../Middlewares/ST/STM32_Audio/Addons/PDM/Lib\libPDMFilter_CM4_GCC_wc32.a(pdm_filter.o)
 .text.PDM_Filter_Init
                0x000000000800634c      0x114 ../Middlewares/ST/STM32_Audio/Addons/PDM/Lib\libPDMFilter_CM4_GCC_wc32.a(pdm_filter.o)
                0x000000000800634c                PDM_Filter_Init
 .text.PDM_Filter_setConfig
                0x0000000008006460      0x1e4 ../Middlewares/ST/STM32_Audio/Addons/PDM/Lib\libPDMFilter_CM4_GCC_wc32.a(pdm_filter.o)
                0x0000000008006460                PDM_Filter_setConfig
 .text.PDM_Filter
                0x0000000008006644       0x38 ../Middlewares/ST/STM32_Audio/Addons/PDM/Lib\libPDMFilter_CM4_GCC_wc32.a(pdm_filter.o)
                0x0000000008006644                PDM_Filter
 .text.CRC_Lock
                0x000000000800667c       0x7c ../Middlewares/ST/STM32_Audio/Addons/PDM/Lib\libPDMFilter_CM4_GCC_wc32.a(stm32_crc_lock.o)
                0x000000000800667c                CRC_Lock
 .text.__errno  0x00000000080066f8        0xc c:/program files/st/stm32cubeide_1.12.1/stm32cubeide/plugins/com.st.stm32cube.ide.mcu.externaltools.gnu-tools-for-stm32.10.3-2021.10.win32_1.0.200.202301161003/tools/bin/../lib/gcc/arm-none-eabi/10.3.1/../../../../arm-none-eabi/lib/thumb/v7e-m+fp/hard\libc_nano.a(lib_a-errno.o)
                0x00000000080066f8                __errno
 .text.__libc_init_array
                0x0000000008006704       0x48 c:/program files/st/stm32cubeide_1.12.1/stm32cubeide/plugins/com.st.stm32cube.ide.mcu.externaltools.gnu-tools-for-stm32.10.3-2021.10.win32_1.0.200.202301161003/tools/bin/../lib/gcc/arm-none-eabi/10.3.1/../../../../arm-none-eabi/lib/thumb/v7e-m+fp/hard\libc_nano.a(lib_a-init.o)
                0x0000000008006704                __libc_init_array
 .text.memset   0x000000000800674c       0x10 c:/program files/st/stm32cubeide_1.12.1/stm32cubeide/plugins/com.st.stm32cube.ide.mcu.externaltools.gnu-tools-for-stm32.10.3-2021.10.win32_1.0.200.202301161003/tools/bin/../lib/gcc/arm-none-eabi/10.3.1/../../../../arm-none-eabi/lib/thumb/v7e-m+fp/hard\libc_nano.a(lib_a-memset.o)
                0x000000000800674c                memset
 .text.roundf   0x000000000800675c       0x48 c:/program files/st/stm32cubeide_1.12.1/stm32cubeide/plugins/com.st.stm32cube.ide.mcu.externaltools.gnu-tools-for-stm32.10.3-2021.10.win32_1.0.200.202301161003/tools/bin/../lib/gcc/arm-none-eabi/10.3.1/../../../../arm-none-eabi/lib/thumb/v7e-m+fp/hard\libm.a(lib_a-sf_round.o)
                0x000000000800675c                roundf
 .text.powf     0x00000000080067a4       0xae c:/program files/st/stm32cubeide_1.12.1/stm32cubeide/plugins/com.st.stm32cube.ide.mcu.externaltools.gnu-tools-for-stm32.10.3-2021.10.win32_1.0.200.202301161003/tools/bin/../lib/gcc/arm-none-eabi/10.3.1/../../../../arm-none-eabi/lib/thumb/v7e-m+fp/hard\libm.a(lib_a-wf_pow.o)
                0x00000000080067a4                powf
 *fill*         0x0000000008006852        0x2 
 .text.__ieee754_powf
                0x0000000008006854      0x59c c:/program files/st/stm32cubeide_1.12.1/stm32cubeide/plugins/com.st.stm32cube.ide.mcu.externaltools.gnu-tools-for-stm32.10.3-2021.10.win32_1.0.200.202301161003/tools/bin/../lib/gcc/arm-none-eabi/10.3.1/../../../../arm-none-eabi/lib/thumb/v7e-m+fp/hard\libm.a(lib_a-ef_pow.o)
                0x0000000008006854                __ieee754_powf
 .text.__ieee754_sqrtf
                0x0000000008006df0        0x6 c:/program files/st/stm32cubeide_1.12.1/stm32cubeide/plugins/com.st.stm32cube.ide.mcu.externaltools.gnu-tools-for-stm32.10.3-2021.10.win32_1.0.200.202301161003/tools/bin/../lib/gcc/arm-none-eabi/10.3.1/../../../../arm-none-eabi/lib/thumb/v7e-m+fp/hard\libm.a(lib_a-ef_sqrt.o)
                0x0000000008006df0                __ieee754_sqrtf
 .text.with_errnof
                0x0000000008006df6       0x16 c:/program files/st/stm32cubeide_1.12.1/stm32cubeide/plugins/com.st.stm32cube.ide.mcu.externaltools.gnu-tools-for-stm32.10.3-2021.10.win32_1.0.200.202301161003/tools/bin/../lib/gcc/arm-none-eabi/10.3.1/../../../../arm-none-eabi/lib/thumb/v7e-m+fp/hard\libm.a(lib_a-math_errf.o)
 .text.xflowf   0x0000000008006e0c       0x16 c:/program files/st/stm32cubeide_1.12.1/stm32cubeide/plugins/com.st.stm32cube.ide.mcu.externaltools.gnu-tools-for-stm32.10.3-2021.10.win32_1.0.200.202301161003/tools/bin/../lib/gcc/arm-none-eabi/10.3.1/../../../../arm-none-eabi/lib/thumb/v7e-m+fp/hard\libm.a(lib_a-math_errf.o)
 *fill*         0x0000000008006e22        0x2 
 .text.__math_uflowf
                0x0000000008006e24        0xc c:/program files/st/stm32cubeide_1.12.1/stm32cubeide/plugins/com.st.stm32cube.ide.mcu.externaltools.gnu-tools-for-stm32.10.3-2021.10.win32_1.0.200.202301161003/tools/bin/../lib/gcc/arm-none-eabi/10.3.1/../../../../arm-none-eabi/lib/thumb/v7e-m+fp/hard\libm.a(lib_a-math_errf.o)
                0x0000000008006e24                __math_uflowf
 .text.__math_oflowf
                0x0000000008006e30        0xc c:/program files/st/stm32cubeide_1.12.1/stm32cubeide/plugins/com.st.stm32cube.ide.mcu.externaltools.gnu-tools-for-stm32.10.3-2021.10.win32_1.0.200.202301161003/tools/bin/../lib/gcc/arm-none-eabi/10.3.1/../../../../arm-none-eabi/lib/thumb/v7e-m+fp/hard\libm.a(lib_a-math_errf.o)
                0x0000000008006e30                __math_oflowf
 .text.fabsf    0x0000000008006e3c        0xe c:/program files/st/stm32cubeide_1.12.1/stm32cubeide/plugins/com.st.stm32cube.ide.mcu.externaltools.gnu-tools-for-stm32.10.3-2021.10.win32_1.0.200.202301161003/tools/bin/../lib/gcc/arm-none-eabi/10.3.1/../../../../arm-none-eabi/lib/thumb/v7e-m+fp/hard\libm.a(lib_a-sf_fabs.o)
                0x0000000008006e3c                fabsf
 .text.finitef  0x0000000008006e4a       0x1a c:/program files/st/stm32cubeide_1.12.1/stm32cubeide/plugins/com.st.stm32cube.ide.mcu.externaltools.gnu-tools-for-stm32.10.3-2021.10.win32_1.0.200.202301161003/tools/bin/../lib/gcc/arm-none-eabi/10.3.1/../../../../arm-none-eabi/lib/thumb/v7e-m+fp/hard\libm.a(lib_a-sf_finite.o)
                0x0000000008006e4a                finitef
 .text.scalbnf  0x0000000008006e64       0xe4 c:/program files/st/stm32cubeide_1.12.1/stm32cubeide/plugins/com.st.stm32cube.ide.mcu.externaltools.gnu-tools-for-stm32.10.3-2021.10.win32_1.0.200.202301161003/tools/bin/../lib/gcc/arm-none-eabi/10.3.1/../../../../arm-none-eabi/lib/thumb/v7e-m+fp/hard\libm.a(lib_a-sf_scalbn.o)
                0x0000000008006e64                scalbnf
 *(.glue_7)
 .glue_7        0x0000000008006f48        0x0 linker stubs
 *(.glue_7t)
 .glue_7t       0x0000000008006f48        0x0 linker stubs
 *(.eh_frame)
 .eh_frame      0x0000000008006f48        0x0 c:/program files/st/stm32cubeide_1.12.1/stm32cubeide/plugins/com.st.stm32cube.ide.mcu.externaltools.gnu-tools-for-stm32.10.3-2021.10.win32_1.0.200.202301161003/tools/bin/../lib/gcc/arm-none-eabi/10.3.1/thumb/v7e-m+fp/hard/crtbegin.o
 *(.init)
 .init          0x0000000008006f48        0x4 c:/program files/st/stm32cubeide_1.12.1/stm32cubeide/plugins/com.st.stm32cube.ide.mcu.externaltools.gnu-tools-for-stm32.10.3-2021.10.win32_1.0.200.202301161003/tools/bin/../lib/gcc/arm-none-eabi/10.3.1/thumb/v7e-m+fp/hard/crti.o
                0x0000000008006f48                _init
 .init          0x0000000008006f4c        0x8 c:/program files/st/stm32cubeide_1.12.1/stm32cubeide/plugins/com.st.stm32cube.ide.mcu.externaltools.gnu-tools-for-stm32.10.3-2021.10.win32_1.0.200.202301161003/tools/bin/../lib/gcc/arm-none-eabi/10.3.1/thumb/v7e-m+fp/hard/crtn.o
 *(.fini)
 .fini          0x0000000008006f54        0x4 c:/program files/st/stm32cubeide_1.12.1/stm32cubeide/plugins/com.st.stm32cube.ide.mcu.externaltools.gnu-tools-for-stm32.10.3-2021.10.win32_1.0.200.202301161003/tools/bin/../lib/gcc/arm-none-eabi/10.3.1/thumb/v7e-m+fp/hard/crti.o
                0x0000000008006f54                _fini
 .fini          0x0000000008006f58        0x8 c:/program files/st/stm32cubeide_1.12.1/stm32cubeide/plugins/com.st.stm32cube.ide.mcu.externaltools.gnu-tools-for-stm32.10.3-2021.10.win32_1.0.200.202301161003/tools/bin/../lib/gcc/arm-none-eabi/10.3.1/thumb/v7e-m+fp/hard/crtn.o
                0x0000000008006f60                . = ALIGN (0x4)
                0x0000000008006f60                _etext = .

.vfp11_veneer   0x0000000008006f60        0x0
 .vfp11_veneer  0x0000000008006f60        0x0 linker stubs

.v4_bx          0x0000000008006f60        0x0
 .v4_bx         0x0000000008006f60        0x0 linker stubs

.iplt           0x0000000008006f60        0x0
 .iplt          0x0000000008006f60        0x0 c:/program files/st/stm32cubeide_1.12.1/stm32cubeide/plugins/com.st.stm32cube.ide.mcu.externaltools.gnu-tools-for-stm32.10.3-2021.10.win32_1.0.200.202301161003/tools/bin/../lib/gcc/arm-none-eabi/10.3.1/thumb/v7e-m+fp/hard/crtbegin.o

.rodata         0x0000000008006f60      0xdd4
                0x0000000008006f60                . = ALIGN (0x4)
 *(.rodata)
 .rodata        0x0000000008006f60        0x6 ./Core/Src/main.o
 *fill*         0x0000000008006f66        0x2 
 .rodata        0x0000000008006f68       0x38 ../Middlewares/ST/STM32_Audio/Addons/PDM/Lib\libPDMFilter_CM4_GCC_wc32.a(pdm_filter.o)
 *(.rodata*)
 .rodata.Font11x18
                0x0000000008006fa0      0xd5c ./Core/Src/fonts.o
 .rodata.AHBPrescTable
                0x0000000008007cfc       0x10 ./Core/Src/system_stm32f4xx.o
                0x0000000008007cfc                AHBPrescTable
 .rodata.APBPrescTable
                0x0000000008007d0c        0x8 ./Core/Src/system_stm32f4xx.o
                0x0000000008007d0c                APBPrescTable
 .rodata.flagBitshiftOffset.0
                0x0000000008007d14        0x8 ./Drivers/STM32F4xx_HAL_Driver/Src/stm32f4xx_hal_dma.o
 .rodata.bp     0x0000000008007d1c        0x8 c:/program files/st/stm32cubeide_1.12.1/stm32cubeide/plugins/com.st.stm32cube.ide.mcu.externaltools.gnu-tools-for-stm32.10.3-2021.10.win32_1.0.200.202301161003/tools/bin/../lib/gcc/arm-none-eabi/10.3.1/../../../../arm-none-eabi/lib/thumb/v7e-m+fp/hard\libm.a(lib_a-ef_pow.o)
 .rodata.dp_h   0x0000000008007d24        0x8 c:/program files/st/stm32cubeide_1.12.1/stm32cubeide/plugins/com.st.stm32cube.ide.mcu.externaltools.gnu-tools-for-stm32.10.3-2021.10.win32_1.0.200.202301161003/tools/bin/../lib/gcc/arm-none-eabi/10.3.1/../../../../arm-none-eabi/lib/thumb/v7e-m+fp/hard\libm.a(lib_a-ef_pow.o)
 .rodata.dp_l   0x0000000008007d2c        0x8 c:/program files/st/stm32cubeide_1.12.1/stm32cubeide/plugins/com.st.stm32cube.ide.mcu.externaltools.gnu-tools-for-stm32.10.3-2021.10.win32_1.0.200.202301161003/tools/bin/../lib/gcc/arm-none-eabi/10.3.1/../../../../arm-none-eabi/lib/thumb/v7e-m+fp/hard\libm.a(lib_a-ef_pow.o)
                0x0000000008007d34                . = ALIGN (0x4)

.ARM.extab      0x0000000008007d34        0x0
                0x0000000008007d34                . = ALIGN (0x4)
 *(.ARM.extab* .gnu.linkonce.armextab.*)
                0x0000000008007d34                . = ALIGN (0x4)

.ARM            0x0000000008007d34        0x8
                0x0000000008007d34                . = ALIGN (0x4)
                0x0000000008007d34                __exidx_start = .
 *(.ARM.exidx*)
 .ARM.exidx     0x0000000008007d34        0x8 c:/program files/st/stm32cubeide_1.12.1/stm32cubeide/plugins/com.st.stm32cube.ide.mcu.externaltools.gnu-tools-for-stm32.10.3-2021.10.win32_1.0.200.202301161003/tools/bin/../lib/gcc/arm-none-eabi/10.3.1/thumb/v7e-m+fp/hard\libgcc.a(_udivmoddi4.o)
                0x0000000008007d3c                __exidx_end = .
                0x0000000008007d3c                . = ALIGN (0x4)

.rel.dyn        0x0000000008007d3c        0x0
 .rel.iplt      0x0000000008007d3c        0x0 c:/program files/st/stm32cubeide_1.12.1/stm32cubeide/plugins/com.st.stm32cube.ide.mcu.externaltools.gnu-tools-for-stm32.10.3-2021.10.win32_1.0.200.202301161003/tools/bin/../lib/gcc/arm-none-eabi/10.3.1/thumb/v7e-m+fp/hard/crtbegin.o

.preinit_array  0x0000000008007d3c        0x0
                0x0000000008007d3c                . = ALIGN (0x4)
                0x0000000008007d3c                PROVIDE (__preinit_array_start = .)
 *(.preinit_array*)
                0x0000000008007d3c                PROVIDE (__preinit_array_end = .)
                0x0000000008007d3c                . = ALIGN (0x4)

.init_array     0x0000000008007d3c        0x4
                0x0000000008007d3c                . = ALIGN (0x4)
                0x0000000008007d3c                PROVIDE (__init_array_start = .)
 *(SORT_BY_NAME(.init_array.*))
 *(.init_array*)
 .init_array    0x0000000008007d3c        0x4 c:/program files/st/stm32cubeide_1.12.1/stm32cubeide/plugins/com.st.stm32cube.ide.mcu.externaltools.gnu-tools-for-stm32.10.3-2021.10.win32_1.0.200.202301161003/tools/bin/../lib/gcc/arm-none-eabi/10.3.1/thumb/v7e-m+fp/hard/crtbegin.o
                0x0000000008007d40                PROVIDE (__init_array_end = .)
                0x0000000008007d40                . = ALIGN (0x4)

.fini_array     0x0000000008007d40        0x4
                0x0000000008007d40                . = ALIGN (0x4)
                [!provide]                        PROVIDE (__fini_array_start = .)
 *(SORT_BY_NAME(.fini_array.*))
 *(.fini_array*)
 .fini_array    0x0000000008007d40        0x4 c:/program files/st/stm32cubeide_1.12.1/stm32cubeide/plugins/com.st.stm32cube.ide.mcu.externaltools.gnu-tools-for-stm32.10.3-2021.10.win32_1.0.200.202301161003/tools/bin/../lib/gcc/arm-none-eabi/10.3.1/thumb/v7e-m+fp/hard/crtbegin.o
                [!provide]                        PROVIDE (__fini_array_end = .)
                0x0000000008007d44                . = ALIGN (0x4)
                0x0000000008007d44                _sidata = LOADADDR (.data)

.data           0x0000000020000000      0x478 load address 0x0000000008007d44
                0x0000000020000000                . = ALIGN (0x4)
                0x0000000020000000                _sdata = .
 *(.data)
 .data          0x0000000020000000      0x400 ../Middlewares/ST/STM32_Audio/Addons/PDM/Lib\libPDMFilter_CM4_GCC_wc32.a(pdm_filter.o)
 *(.data*)
 .data.Font_11x18
                0x0000000020000400        0x8 ./Core/Src/fonts.o
                0x0000000020000400                Font_11x18
 .data.SystemCoreClock
                0x0000000020000408        0x4 ./Core/Src/system_stm32f4xx.o
                0x0000000020000408                SystemCoreClock
 .data.uwTickPrio
                0x000000002000040c        0x4 ./Drivers/STM32F4xx_HAL_Driver/Src/stm32f4xx_hal.o
                0x000000002000040c                uwTickPrio
 .data.uwTickFreq
                0x0000000020000410        0x1 ./Drivers/STM32F4xx_HAL_Driver/Src/stm32f4xx_hal.o
                0x0000000020000410                uwTickFreq
 *fill*         0x0000000020000411        0x3 
 .data._impure_ptr
                0x0000000020000414        0x4 c:/program files/st/stm32cubeide_1.12.1/stm32cubeide/plugins/com.st.stm32cube.ide.mcu.externaltools.gnu-tools-for-stm32.10.3-2021.10.win32_1.0.200.202301161003/tools/bin/../lib/gcc/arm-none-eabi/10.3.1/../../../../arm-none-eabi/lib/thumb/v7e-m+fp/hard\libc_nano.a(lib_a-impure.o)
                0x0000000020000414                _impure_ptr
 .data.impure_data
                0x0000000020000418       0x60 c:/program files/st/stm32cubeide_1.12.1/stm32cubeide/plugins/com.st.stm32cube.ide.mcu.externaltools.gnu-tools-for-stm32.10.3-2021.10.win32_1.0.200.202301161003/tools/bin/../lib/gcc/arm-none-eabi/10.3.1/../../../../arm-none-eabi/lib/thumb/v7e-m+fp/hard\libc_nano.a(lib_a-impure.o)
 *(.RamFunc)
 *(.RamFunc*)
                0x0000000020000478                . = ALIGN (0x4)
                0x0000000020000478                _edata = .
                0x00000000080081bc                _siccmram = LOADADDR (.ccmram)

.igot.plt       0x0000000020000478        0x0 load address 0x00000000080081bc
 .igot.plt      0x0000000020000478        0x0 c:/program files/st/stm32cubeide_1.12.1/stm32cubeide/plugins/com.st.stm32cube.ide.mcu.externaltools.gnu-tools-for-stm32.10.3-2021.10.win32_1.0.200.202301161003/tools/bin/../lib/gcc/arm-none-eabi/10.3.1/thumb/v7e-m+fp/hard/crtbegin.o

.ccmram         0x0000000010000000        0x0 load address 0x00000000080081bc
                0x0000000010000000                . = ALIGN (0x4)
                0x0000000010000000                _sccmram = .
 *(.ccmram)
 *(.ccmram*)
                0x0000000010000000                . = ALIGN (0x4)
                0x0000000010000000                _eccmram = .
                0x0000000010000000                . = ALIGN (0x4)

.bss            0x0000000020000478      0x8c8
                0x0000000020000478                _sbss = .
                0x0000000020000478                __bss_start__ = _sbss
 *(.bss)
 .bss           0x0000000020000478       0x1c c:/program files/st/stm32cubeide_1.12.1/stm32cubeide/plugins/com.st.stm32cube.ide.mcu.externaltools.gnu-tools-for-stm32.10.3-2021.10.win32_1.0.200.202301161003/tools/bin/../lib/gcc/arm-none-eabi/10.3.1/thumb/v7e-m+fp/hard/crtbegin.o
 .bss           0x0000000020000494        0x1 ../Middlewares/ST/STM32_Audio/Addons/PDM/Lib\libPDMFilter_CM4_GCC_wc32.a(pdm_filter.o)
 *(.bss*)
 *fill*         0x0000000020000495        0x3 
 .bss.hcrc      0x0000000020000498        0x8 ./Core/Src/main.o
                0x0000000020000498                hcrc
 .bss.hi2c1     0x00000000200004a0       0x54 ./Core/Src/main.o
                0x00000000200004a0                hi2c1
 .bss.hi2s2     0x00000000200004f4       0x48 ./Core/Src/main.o
                0x00000000200004f4                hi2s2
 .bss.hdma_spi2_rx
                0x000000002000053c       0x60 ./Core/Src/main.o
                0x000000002000053c                hdma_spi2_rx
 .bss.gI2SData  0x000000002000059c       0x80 ./Core/Src/main.o
                0x000000002000059c                gI2SData
 .bss.gPdmBuffer
                0x000000002000061c       0x40 ./Core/Src/main.o
                0x000000002000061c                gPdmBuffer
 .bss.gPcmBuffer
                0x000000002000065c       0x80 ./Core/Src/main.o
                0x000000002000065c                gPcmBuffer
 .bss.gDispBuffer
                0x00000000200006dc      0x200 ./Core/Src/main.o
                0x00000000200006dc                gDispBuffer
 .bss.gDataFlag
                0x00000000200008dc        0x1 ./Core/Src/main.o
                0x00000000200008dc                gDataFlag
 *fill*         0x00000000200008dd        0x3 
 .bss.SSD1306_Buffer
                0x00000000200008e0      0x400 ./Core/Src/ssd1306.o
 .bss.SSD1306   0x0000000020000ce0        0x6 ./Core/Src/ssd1306.o
 *fill*         0x0000000020000ce6        0x2 
 .bss.uwTick    0x0000000020000ce8        0x4 ./Drivers/STM32F4xx_HAL_Driver/Src/stm32f4xx_hal.o
                0x0000000020000ce8                uwTick
 .bss.PDM1_filter_handler
                0x0000000020000cec       0x4c ./PDM2PCM/App/pdm2pcm.o
                0x0000000020000cec                PDM1_filter_handler
 .bss.PDM1_filter_config
                0x0000000020000d38        0x6 ./PDM2PCM/App/pdm2pcm.o
                0x0000000020000d38                PDM1_filter_config
 *(COMMON)
                0x0000000020000d40                . = ALIGN (0x4)
 *fill*         0x0000000020000d3e        0x2 
                0x0000000020000d40                _ebss = .
                0x0000000020000d40                __bss_end__ = _ebss

._user_heap_stack
                0x0000000020000d40      0x600
                0x0000000020000d40                . = ALIGN (0x8)
                [!provide]                        PROVIDE (end = .)
                0x0000000020000d40                PROVIDE (_end = .)
                0x0000000020000f40                . = (. + _Min_Heap_Size)
 *fill*         0x0000000020000d40      0x200 
                0x0000000020001340                . = (. + _Min_Stack_Size)
 *fill*         0x0000000020000f40      0x400 
                0x0000000020001340                . = ALIGN (0x8)

/DISCARD/
 libc.a(*)
 libm.a(*)
 libgcc.a(*)

.ARM.attributes
                0x0000000000000000       0x30
 *(.ARM.attributes)
 .ARM.attributes
                0x0000000000000000       0x1e c:/program files/st/stm32cubeide_1.12.1/stm32cubeide/plugins/com.st.stm32cube.ide.mcu.externaltools.gnu-tools-for-stm32.10.3-2021.10.win32_1.0.200.202301161003/tools/bin/../lib/gcc/arm-none-eabi/10.3.1/thumb/v7e-m+fp/hard/crti.o
 .ARM.attributes
                0x000000000000001e       0x34 c:/program files/st/stm32cubeide_1.12.1/stm32cubeide/plugins/com.st.stm32cube.ide.mcu.externaltools.gnu-tools-for-stm32.10.3-2021.10.win32_1.0.200.202301161003/tools/bin/../lib/gcc/arm-none-eabi/10.3.1/thumb/v7e-m+fp/hard/crtbegin.o
 .ARM.attributes
                0x0000000000000052       0x34 ./Core/Src/fonts.o
 .ARM.attributes
                0x0000000000000086       0x34 ./Core/Src/main.o
 .ARM.attributes
                0x00000000000000ba       0x34 ./Core/Src/ssd1306.o
 .ARM.attributes
                0x00000000000000ee       0x34 ./Core/Src/stm32f4xx_hal_msp.o
 .ARM.attributes
                0x0000000000000122       0x34 ./Core/Src/stm32f4xx_it.o
 .ARM.attributes
                0x0000000000000156       0x34 ./Core/Src/system_stm32f4xx.o
 .ARM.attributes
                0x000000000000018a       0x21 ./Core/Startup/startup_stm32f407vgtx.o
 .ARM.attributes
                0x00000000000001ab       0x34 ./Drivers/STM32F4xx_HAL_Driver/Src/stm32f4xx_hal.o
 .ARM.attributes
                0x00000000000001df       0x34 ./Drivers/STM32F4xx_HAL_Driver/Src/stm32f4xx_hal_cortex.o
 .ARM.attributes
                0x0000000000000213       0x34 ./Drivers/STM32F4xx_HAL_Driver/Src/stm32f4xx_hal_crc.o
 .ARM.attributes
                0x0000000000000247       0x34 ./Drivers/STM32F4xx_HAL_Driver/Src/stm32f4xx_hal_dma.o
 .ARM.attributes
                0x000000000000027b       0x34 ./Drivers/STM32F4xx_HAL_Driver/Src/stm32f4xx_hal_gpio.o
 .ARM.attributes
                0x00000000000002af       0x34 ./Drivers/STM32F4xx_HAL_Driver/Src/stm32f4xx_hal_i2c.o
 .ARM.attributes
                0x00000000000002e3       0x34 ./Drivers/STM32F4xx_HAL_Driver/Src/stm32f4xx_hal_i2s.o
 .ARM.attributes
                0x0000000000000317       0x34 ./Drivers/STM32F4xx_HAL_Driver/Src/stm32f4xx_hal_i2s_ex.o
 .ARM.attributes
                0x000000000000034b       0x34 ./Drivers/STM32F4xx_HAL_Driver/Src/stm32f4xx_hal_rcc.o
 .ARM.attributes
                0x000000000000037f       0x34 ./Drivers/STM32F4xx_HAL_Driver/Src/stm32f4xx_hal_rcc_ex.o
 .ARM.attributes
                0x00000000000003b3       0x34 ./PDM2PCM/App/pdm2pcm.o
 .ARM.attributes
                0x00000000000003e7       0x39 ../Middlewares/ST/STM32_Audio/Addons/PDM/Lib\libPDMFilter_CM4_GCC_wc32.a(pdm_filter.o)
 .ARM.attributes
                0x0000000000000420       0x39 ../Middlewares/ST/STM32_Audio/Addons/PDM/Lib\libPDMFilter_CM4_GCC_wc32.a(stm32_crc_lock.o)
 .ARM.attributes
                0x0000000000000459       0x34 c:/program files/st/stm32cubeide_1.12.1/stm32cubeide/plugins/com.st.stm32cube.ide.mcu.externaltools.gnu-tools-for-stm32.10.3-2021.10.win32_1.0.200.202301161003/tools/bin/../lib/gcc/arm-none-eabi/10.3.1/../../../../arm-none-eabi/lib/thumb/v7e-m+fp/hard\libc_nano.a(lib_a-errno.o)
 .ARM.attributes
                0x000000000000048d       0x34 c:/program files/st/stm32cubeide_1.12.1/stm32cubeide/plugins/com.st.stm32cube.ide.mcu.externaltools.gnu-tools-for-stm32.10.3-2021.10.win32_1.0.200.202301161003/tools/bin/../lib/gcc/arm-none-eabi/10.3.1/../../../../arm-none-eabi/lib/thumb/v7e-m+fp/hard\libc_nano.a(lib_a-impure.o)
 .ARM.attributes
                0x00000000000004c1       0x34 c:/program files/st/stm32cubeide_1.12.1/stm32cubeide/plugins/com.st.stm32cube.ide.mcu.externaltools.gnu-tools-for-stm32.10.3-2021.10.win32_1.0.200.202301161003/tools/bin/../lib/gcc/arm-none-eabi/10.3.1/../../../../arm-none-eabi/lib/thumb/v7e-m+fp/hard\libc_nano.a(lib_a-init.o)
 .ARM.attributes
                0x00000000000004f5       0x34 c:/program files/st/stm32cubeide_1.12.1/stm32cubeide/plugins/com.st.stm32cube.ide.mcu.externaltools.gnu-tools-for-stm32.10.3-2021.10.win32_1.0.200.202301161003/tools/bin/../lib/gcc/arm-none-eabi/10.3.1/../../../../arm-none-eabi/lib/thumb/v7e-m+fp/hard\libc_nano.a(lib_a-memset.o)
 .ARM.attributes
                0x0000000000000529       0x34 c:/program files/st/stm32cubeide_1.12.1/stm32cubeide/plugins/com.st.stm32cube.ide.mcu.externaltools.gnu-tools-for-stm32.10.3-2021.10.win32_1.0.200.202301161003/tools/bin/../lib/gcc/arm-none-eabi/10.3.1/../../../../arm-none-eabi/lib/thumb/v7e-m+fp/hard\libm.a(lib_a-sf_round.o)
 .ARM.attributes
                0x000000000000055d       0x34 c:/program files/st/stm32cubeide_1.12.1/stm32cubeide/plugins/com.st.stm32cube.ide.mcu.externaltools.gnu-tools-for-stm32.10.3-2021.10.win32_1.0.200.202301161003/tools/bin/../lib/gcc/arm-none-eabi/10.3.1/../../../../arm-none-eabi/lib/thumb/v7e-m+fp/hard\libm.a(lib_a-wf_pow.o)
 .ARM.attributes
                0x0000000000000591       0x34 c:/program files/st/stm32cubeide_1.12.1/stm32cubeide/plugins/com.st.stm32cube.ide.mcu.externaltools.gnu-tools-for-stm32.10.3-2021.10.win32_1.0.200.202301161003/tools/bin/../lib/gcc/arm-none-eabi/10.3.1/../../../../arm-none-eabi/lib/thumb/v7e-m+fp/hard\libm.a(lib_a-ef_pow.o)
 .ARM.attributes
                0x00000000000005c5       0x34 c:/program files/st/stm32cubeide_1.12.1/stm32cubeide/plugins/com.st.stm32cube.ide.mcu.externaltools.gnu-tools-for-stm32.10.3-2021.10.win32_1.0.200.202301161003/tools/bin/../lib/gcc/arm-none-eabi/10.3.1/../../../../arm-none-eabi/lib/thumb/v7e-m+fp/hard\libm.a(lib_a-ef_sqrt.o)
 .ARM.attributes
                0x00000000000005f9       0x34 c:/program files/st/stm32cubeide_1.12.1/stm32cubeide/plugins/com.st.stm32cube.ide.mcu.externaltools.gnu-tools-for-stm32.10.3-2021.10.win32_1.0.200.202301161003/tools/bin/../lib/gcc/arm-none-eabi/10.3.1/../../../../arm-none-eabi/lib/thumb/v7e-m+fp/hard\libm.a(lib_a-math_errf.o)
 .ARM.attributes
                0x000000000000062d       0x34 c:/program files/st/stm32cubeide_1.12.1/stm32cubeide/plugins/com.st.stm32cube.ide.mcu.externaltools.gnu-tools-for-stm32.10.3-2021.10.win32_1.0.200.202301161003/tools/bin/../lib/gcc/arm-none-eabi/10.3.1/../../../../arm-none-eabi/lib/thumb/v7e-m+fp/hard\libm.a(lib_a-sf_fabs.o)
 .ARM.attributes
                0x0000000000000661       0x34 c:/program files/st/stm32cubeide_1.12.1/stm32cubeide/plugins/com.st.stm32cube.ide.mcu.externaltools.gnu-tools-for-stm32.10.3-2021.10.win32_1.0.200.202301161003/tools/bin/../lib/gcc/arm-none-eabi/10.3.1/../../../../arm-none-eabi/lib/thumb/v7e-m+fp/hard\libm.a(lib_a-sf_finite.o)
 .ARM.attributes
                0x0000000000000695       0x34 c:/program files/st/stm32cubeide_1.12.1/stm32cubeide/plugins/com.st.stm32cube.ide.mcu.externaltools.gnu-tools-for-stm32.10.3-2021.10.win32_1.0.200.202301161003/tools/bin/../lib/gcc/arm-none-eabi/10.3.1/../../../../arm-none-eabi/lib/thumb/v7e-m+fp/hard\libm.a(lib_a-sf_scalbn.o)
 .ARM.attributes
                0x00000000000006c9       0x1e c:/program files/st/stm32cubeide_1.12.1/stm32cubeide/plugins/com.st.stm32cube.ide.mcu.externaltools.gnu-tools-for-stm32.10.3-2021.10.win32_1.0.200.202301161003/tools/bin/../lib/gcc/arm-none-eabi/10.3.1/thumb/v7e-m+fp/hard\libgcc.a(_arm_addsubdf3.o)
 .ARM.attributes
                0x00000000000006e7       0x1e c:/program files/st/stm32cubeide_1.12.1/stm32cubeide/plugins/com.st.stm32cube.ide.mcu.externaltools.gnu-tools-for-stm32.10.3-2021.10.win32_1.0.200.202301161003/tools/bin/../lib/gcc/arm-none-eabi/10.3.1/thumb/v7e-m+fp/hard\libgcc.a(_arm_muldivdf3.o)
 .ARM.attributes
                0x0000000000000705       0x1e c:/program files/st/stm32cubeide_1.12.1/stm32cubeide/plugins/com.st.stm32cube.ide.mcu.externaltools.gnu-tools-for-stm32.10.3-2021.10.win32_1.0.200.202301161003/tools/bin/../lib/gcc/arm-none-eabi/10.3.1/thumb/v7e-m+fp/hard\libgcc.a(_arm_fixdfsi.o)
 .ARM.attributes
                0x0000000000000723       0x1e c:/program files/st/stm32cubeide_1.12.1/stm32cubeide/plugins/com.st.stm32cube.ide.mcu.externaltools.gnu-tools-for-stm32.10.3-2021.10.win32_1.0.200.202301161003/tools/bin/../lib/gcc/arm-none-eabi/10.3.1/thumb/v7e-m+fp/hard\libgcc.a(_aeabi_uldivmod.o)
 .ARM.attributes
                0x0000000000000741       0x34 c:/program files/st/stm32cubeide_1.12.1/stm32cubeide/plugins/com.st.stm32cube.ide.mcu.externaltools.gnu-tools-for-stm32.10.3-2021.10.win32_1.0.200.202301161003/tools/bin/../lib/gcc/arm-none-eabi/10.3.1/thumb/v7e-m+fp/hard\libgcc.a(_udivmoddi4.o)
 .ARM.attributes
                0x0000000000000775       0x1e c:/program files/st/stm32cubeide_1.12.1/stm32cubeide/plugins/com.st.stm32cube.ide.mcu.externaltools.gnu-tools-for-stm32.10.3-2021.10.win32_1.0.200.202301161003/tools/bin/../lib/gcc/arm-none-eabi/10.3.1/thumb/v7e-m+fp/hard\libgcc.a(_dvmd_tls.o)
 .ARM.attributes
                0x0000000000000793       0x1e c:/program files/st/stm32cubeide_1.12.1/stm32cubeide/plugins/com.st.stm32cube.ide.mcu.externaltools.gnu-tools-for-stm32.10.3-2021.10.win32_1.0.200.202301161003/tools/bin/../lib/gcc/arm-none-eabi/10.3.1/thumb/v7e-m+fp/hard/crtn.o
OUTPUT(OLED_Audio_Test.elf elf32-littlearm)
LOAD linker stubs
LOAD c:/program files/st/stm32cubeide_1.12.1/stm32cubeide/plugins/com.st.stm32cube.ide.mcu.externaltools.gnu-tools-for-stm32.10.3-2021.10.win32_1.0.200.202301161003/tools/bin/../lib/gcc/arm-none-eabi/10.3.1/../../../../arm-none-eabi/lib/thumb/v7e-m+fp/hard\libc.a
LOAD c:/program files/st/stm32cubeide_1.12.1/stm32cubeide/plugins/com.st.stm32cube.ide.mcu.externaltools.gnu-tools-for-stm32.10.3-2021.10.win32_1.0.200.202301161003/tools/bin/../lib/gcc/arm-none-eabi/10.3.1/../../../../arm-none-eabi/lib/thumb/v7e-m+fp/hard\libm.a
LOAD c:/program files/st/stm32cubeide_1.12.1/stm32cubeide/plugins/com.st.stm32cube.ide.mcu.externaltools.gnu-tools-for-stm32.10.3-2021.10.win32_1.0.200.202301161003/tools/bin/../lib/gcc/arm-none-eabi/10.3.1/thumb/v7e-m+fp/hard\libgcc.a

.debug_info     0x0000000000000000     0xb808
 .debug_info    0x0000000000000000      0x1ae ./Core/Src/fonts.o
 .debug_info    0x00000000000001ae     0x16fc ./Core/Src/main.o
 .debug_info    0x00000000000018aa      0x984 ./Core/Src/ssd1306.o
 .debug_info    0x000000000000222e      0xf60 ./Core/Src/stm32f4xx_hal_msp.o
 .debug_info    0x000000000000318e      0x3ec ./Core/Src/stm32f4xx_it.o
 .debug_info    0x000000000000357a      0x523 ./Core/Src/system_stm32f4xx.o
 .debug_info    0x0000000000003a9d       0x22 ./Core/Startup/startup_stm32f407vgtx.o
 .debug_info    0x0000000000003abf      0x97c ./Drivers/STM32F4xx_HAL_Driver/Src/stm32f4xx_hal.o
 .debug_info    0x000000000000443b      0xe1b ./Drivers/STM32F4xx_HAL_Driver/Src/stm32f4xx_hal_cortex.o
 .debug_info    0x0000000000005256      0x3a6 ./Drivers/STM32F4xx_HAL_Driver/Src/stm32f4xx_hal_crc.o
 .debug_info    0x00000000000055fc      0x94f ./Drivers/STM32F4xx_HAL_Driver/Src/stm32f4xx_hal_dma.o
 .debug_info    0x0000000000005f4b      0x76a ./Drivers/STM32F4xx_HAL_Driver/Src/stm32f4xx_hal_gpio.o
 .debug_info    0x00000000000066b5     0x2609 ./Drivers/STM32F4xx_HAL_Driver/Src/stm32f4xx_hal_i2c.o
 .debug_info    0x0000000000008cbe      0xeb6 ./Drivers/STM32F4xx_HAL_Driver/Src/stm32f4xx_hal_i2s.o
 .debug_info    0x0000000000009b74      0xb7b ./Drivers/STM32F4xx_HAL_Driver/Src/stm32f4xx_hal_i2s_ex.o
 .debug_info    0x000000000000a6ef      0x966 ./Drivers/STM32F4xx_HAL_Driver/Src/stm32f4xx_hal_rcc.o
 .debug_info    0x000000000000b055      0x569 ./Drivers/STM32F4xx_HAL_Driver/Src/stm32f4xx_hal_rcc_ex.o
 .debug_info    0x000000000000b5be      0x24a ./PDM2PCM/App/pdm2pcm.o

.debug_abbrev   0x0000000000000000     0x21d1
 .debug_abbrev  0x0000000000000000       0xad ./Core/Src/fonts.o
 .debug_abbrev  0x00000000000000ad      0x2e3 ./Core/Src/main.o
 .debug_abbrev  0x0000000000000390      0x203 ./Core/Src/ssd1306.o
 .debug_abbrev  0x0000000000000593      0x22f ./Core/Src/stm32f4xx_hal_msp.o
 .debug_abbrev  0x00000000000007c2      0x15f ./Core/Src/stm32f4xx_it.o
 .debug_abbrev  0x0000000000000921      0x116 ./Core/Src/system_stm32f4xx.o
 .debug_abbrev  0x0000000000000a37       0x12 ./Core/Startup/startup_stm32f407vgtx.o
 .debug_abbrev  0x0000000000000a49      0x20d ./Drivers/STM32F4xx_HAL_Driver/Src/stm32f4xx_hal.o
 .debug_abbrev  0x0000000000000c56      0x316 ./Drivers/STM32F4xx_HAL_Driver/Src/stm32f4xx_hal_cortex.o
 .debug_abbrev  0x0000000000000f6c      0x19e ./Drivers/STM32F4xx_HAL_Driver/Src/stm32f4xx_hal_crc.o
 .debug_abbrev  0x000000000000110a      0x25b ./Drivers/STM32F4xx_HAL_Driver/Src/stm32f4xx_hal_dma.o
 .debug_abbrev  0x0000000000001365      0x1c4 ./Drivers/STM32F4xx_HAL_Driver/Src/stm32f4xx_hal_gpio.o
 .debug_abbrev  0x0000000000001529      0x297 ./Drivers/STM32F4xx_HAL_Driver/Src/stm32f4xx_hal_i2c.o
 .debug_abbrev  0x00000000000017c0      0x247 ./Drivers/STM32F4xx_HAL_Driver/Src/stm32f4xx_hal_i2s.o
 .debug_abbrev  0x0000000000001a07      0x278 ./Drivers/STM32F4xx_HAL_Driver/Src/stm32f4xx_hal_i2s_ex.o
 .debug_abbrev  0x0000000000001c7f      0x2aa ./Drivers/STM32F4xx_HAL_Driver/Src/stm32f4xx_hal_rcc.o
 .debug_abbrev  0x0000000000001f29      0x1a8 ./Drivers/STM32F4xx_HAL_Driver/Src/stm32f4xx_hal_rcc_ex.o
 .debug_abbrev  0x00000000000020d1      0x100 ./PDM2PCM/App/pdm2pcm.o

.debug_aranges  0x0000000000000000      0xa50
 .debug_aranges
                0x0000000000000000       0x18 ./Core/Src/fonts.o
 .debug_aranges
                0x0000000000000018       0x68 ./Core/Src/main.o
 .debug_aranges
                0x0000000000000080       0x60 ./Core/Src/ssd1306.o
 .debug_aranges
                0x00000000000000e0       0x50 ./Core/Src/stm32f4xx_hal_msp.o
 .debug_aranges
                0x0000000000000130       0x68 ./Core/Src/stm32f4xx_it.o
 .debug_aranges
                0x0000000000000198       0x28 ./Core/Src/system_stm32f4xx.o
 .debug_aranges
                0x00000000000001c0       0x28 ./Core/Startup/startup_stm32f407vgtx.o
 .debug_aranges
                0x00000000000001e8       0xf0 ./Drivers/STM32F4xx_HAL_Driver/Src/stm32f4xx_hal.o
 .debug_aranges
                0x00000000000002d8      0x118 ./Drivers/STM32F4xx_HAL_Driver/Src/stm32f4xx_hal_cortex.o
 .debug_aranges
                0x00000000000003f0       0x50 ./Drivers/STM32F4xx_HAL_Driver/Src/stm32f4xx_hal_crc.o
 .debug_aranges
                0x0000000000000440       0x90 ./Drivers/STM32F4xx_HAL_Driver/Src/stm32f4xx_hal_dma.o
 .debug_aranges
                0x00000000000004d0       0x58 ./Drivers/STM32F4xx_HAL_Driver/Src/stm32f4xx_hal_gpio.o
 .debug_aranges
                0x0000000000000528      0x2a0 ./Drivers/STM32F4xx_HAL_Driver/Src/stm32f4xx_hal_i2c.o
 .debug_aranges
                0x00000000000007c8      0x108 ./Drivers/STM32F4xx_HAL_Driver/Src/stm32f4xx_hal_i2s.o
 .debug_aranges
                0x00000000000008d0       0x88 ./Drivers/STM32F4xx_HAL_Driver/Src/stm32f4xx_hal_i2s_ex.o
 .debug_aranges
                0x0000000000000958       0x88 ./Drivers/STM32F4xx_HAL_Driver/Src/stm32f4xx_hal_rcc.o
 .debug_aranges
                0x00000000000009e0       0x48 ./Drivers/STM32F4xx_HAL_Driver/Src/stm32f4xx_hal_rcc_ex.o
 .debug_aranges
                0x0000000000000a28       0x28 ./PDM2PCM/App/pdm2pcm.o

.debug_macro    0x0000000000000000    0x205f4
 .debug_macro   0x0000000000000000       0x6d ./Core/Src/fonts.o
 .debug_macro   0x000000000000006d      0xa78 ./Core/Src/fonts.o
 .debug_macro   0x0000000000000ae5       0x22 ./Core/Src/fonts.o
 .debug_macro   0x0000000000000b07       0x8e ./Core/Src/fonts.o
 .debug_macro   0x0000000000000b95       0x51 ./Core/Src/fonts.o
 .debug_macro   0x0000000000000be6      0x103 ./Core/Src/fonts.o
 .debug_macro   0x0000000000000ce9       0x6a ./Core/Src/fonts.o
 .debug_macro   0x0000000000000d53      0x1df ./Core/Src/fonts.o
 .debug_macro   0x0000000000000f32      0x244 ./Core/Src/main.o
 .debug_macro   0x0000000000001176      0x2a1 ./Core/Src/main.o
 .debug_macro   0x0000000000001417       0x2e ./Core/Src/main.o
 .debug_macro   0x0000000000001445       0x2f ./Core/Src/main.o
 .debug_macro   0x0000000000001474       0x1c ./Core/Src/main.o
 .debug_macro   0x0000000000001490       0x22 ./Core/Src/main.o
 .debug_macro   0x00000000000014b2       0xd9 ./Core/Src/main.o
 .debug_macro   0x000000000000158b     0x102d ./Core/Src/main.o
 .debug_macro   0x00000000000025b8      0x11f ./Core/Src/main.o
 .debug_macro   0x00000000000026d7    0x15e82 ./Core/Src/main.o
 .debug_macro   0x0000000000018559       0x6d ./Core/Src/main.o
 .debug_macro   0x00000000000185c6     0x367e ./Core/Src/main.o
 .debug_macro   0x000000000001bc44      0x174 ./Core/Src/main.o
 .debug_macro   0x000000000001bdb8       0x5c ./Core/Src/main.o
 .debug_macro   0x000000000001be14      0x96b ./Core/Src/main.o
 .debug_macro   0x000000000001c77f      0x9fe ./Core/Src/main.o
 .debug_macro   0x000000000001d17d      0x115 ./Core/Src/main.o
 .debug_macro   0x000000000001d292      0x13e ./Core/Src/main.o
 .debug_macro   0x000000000001d3d0       0xa5 ./Core/Src/main.o
 .debug_macro   0x000000000001d475      0x174 ./Core/Src/main.o
 .debug_macro   0x000000000001d5e9      0x287 ./Core/Src/main.o
 .debug_macro   0x000000000001d870       0x5f ./Core/Src/main.o
 .debug_macro   0x000000000001d8cf      0x236 ./Core/Src/main.o
 .debug_macro   0x000000000001db05       0x22 ./Core/Src/main.o
 .debug_macro   0x000000000001db27      0x12c ./Core/Src/main.o
 .debug_macro   0x000000000001dc53      0x21e ./Core/Src/main.o
 .debug_macro   0x000000000001de71       0x2e ./Core/Src/main.o
 .debug_macro   0x000000000001de9f      0x1b5 ./Core/Src/main.o
 .debug_macro   0x000000000001e054       0xd6 ./Core/Src/main.o
 .debug_macro   0x000000000001e12a      0x1a7 ./Core/Src/main.o
 .debug_macro   0x000000000001e2d1       0x46 ./Core/Src/main.o
 .debug_macro   0x000000000001e317       0x4a ./Core/Src/main.o
 .debug_macro   0x000000000001e361      0x11a ./Core/Src/main.o
 .debug_macro   0x000000000001e47b       0x7e ./Core/Src/main.o
 .debug_macro   0x000000000001e4f9       0x89 ./Core/Src/main.o
 .debug_macro   0x000000000001e582      0x12d ./Core/Src/main.o
 .debug_macro   0x000000000001e6af       0x7c ./Core/Src/main.o
 .debug_macro   0x000000000001e72b       0x82 ./Core/Src/main.o
 .debug_macro   0x000000000001e7ad       0x22 ./Core/Src/main.o
 .debug_macro   0x000000000001e7cf      0x206 ./Core/Src/ssd1306.o
 .debug_macro   0x000000000001e9d5      0x1fc ./Core/Src/stm32f4xx_hal_msp.o
 .debug_macro   0x000000000001ebd1      0x206 ./Core/Src/stm32f4xx_it.o
 .debug_macro   0x000000000001edd7      0x1ed ./Core/Src/system_stm32f4xx.o
 .debug_macro   0x000000000001efc4      0x24d ./Drivers/STM32F4xx_HAL_Driver/Src/stm32f4xx_hal.o
 .debug_macro   0x000000000001f211      0x1ed ./Drivers/STM32F4xx_HAL_Driver/Src/stm32f4xx_hal_cortex.o
 .debug_macro   0x000000000001f3fe      0x1ed ./Drivers/STM32F4xx_HAL_Driver/Src/stm32f4xx_hal_crc.o
 .debug_macro   0x000000000001f5eb      0x1f3 ./Drivers/STM32F4xx_HAL_Driver/Src/stm32f4xx_hal_dma.o
 .debug_macro   0x000000000001f7de      0x1f3 ./Drivers/STM32F4xx_HAL_Driver/Src/stm32f4xx_hal_gpio.o
 .debug_macro   0x000000000001f9d1      0x234 ./Drivers/STM32F4xx_HAL_Driver/Src/stm32f4xx_hal_i2c.o
 .debug_macro   0x000000000001fc05      0x1f5 ./Drivers/STM32F4xx_HAL_Driver/Src/stm32f4xx_hal_i2s.o
 .debug_macro   0x000000000001fdfa      0x1ed ./Drivers/STM32F4xx_HAL_Driver/Src/stm32f4xx_hal_i2s_ex.o
 .debug_macro   0x000000000001ffe7      0x211 ./Drivers/STM32F4xx_HAL_Driver/Src/stm32f4xx_hal_rcc.o
 .debug_macro   0x00000000000201f8      0x1ed ./Drivers/STM32F4xx_HAL_Driver/Src/stm32f4xx_hal_rcc_ex.o
 .debug_macro   0x00000000000203e5      0x20f ./PDM2PCM/App/pdm2pcm.o

.debug_line     0x0000000000000000     0xef83
 .debug_line    0x0000000000000000      0x3ef ./Core/Src/fonts.o
 .debug_line    0x00000000000003ef      0xa82 ./Core/Src/main.o
 .debug_line    0x0000000000000e71      0xa2c ./Core/Src/ssd1306.o
 .debug_line    0x000000000000189d      0x87d ./Core/Src/stm32f4xx_hal_msp.o
 .debug_line    0x000000000000211a      0x836 ./Core/Src/stm32f4xx_it.o
 .debug_line    0x0000000000002950      0x7dd ./Core/Src/system_stm32f4xx.o
 .debug_line    0x000000000000312d       0x88 ./Core/Startup/startup_stm32f407vgtx.o
 .debug_line    0x00000000000031b5      0xa43 ./Drivers/STM32F4xx_HAL_Driver/Src/stm32f4xx_hal.o
 .debug_line    0x0000000000003bf8      0xcf2 ./Drivers/STM32F4xx_HAL_Driver/Src/stm32f4xx_hal_cortex.o
 .debug_line    0x00000000000048ea      0x8a2 ./Drivers/STM32F4xx_HAL_Driver/Src/stm32f4xx_hal_crc.o
 .debug_line    0x000000000000518c      0xfa7 ./Drivers/STM32F4xx_HAL_Driver/Src/stm32f4xx_hal_dma.o
 .debug_line    0x0000000000006133      0xbb7 ./Drivers/STM32F4xx_HAL_Driver/Src/stm32f4xx_hal_gpio.o
 .debug_line    0x0000000000006cea     0x39f8 ./Drivers/STM32F4xx_HAL_Driver/Src/stm32f4xx_hal_i2c.o
 .debug_line    0x000000000000a6e2     0x13dc ./Drivers/STM32F4xx_HAL_Driver/Src/stm32f4xx_hal_i2s.o
 .debug_line    0x000000000000babe     0x14db ./Drivers/STM32F4xx_HAL_Driver/Src/stm32f4xx_hal_i2s_ex.o
 .debug_line    0x000000000000cf99      0xdbf ./Drivers/STM32F4xx_HAL_Driver/Src/stm32f4xx_hal_rcc.o
 .debug_line    0x000000000000dd58      0xa59 ./Drivers/STM32F4xx_HAL_Driver/Src/stm32f4xx_hal_rcc_ex.o
 .debug_line    0x000000000000e7b1      0x7d2 ./PDM2PCM/App/pdm2pcm.o

.debug_str      0x0000000000000000    0xc146c
 .debug_str     0x0000000000000000     0x3b3b ./Core/Src/fonts.o
                                       0x3ca7 (size before relaxing)
 .debug_str     0x0000000000003b3b    0xbb492 ./Core/Src/main.o
                                      0xbf2a7 (size before relaxing)
 .debug_str     0x00000000000befcd       0xc4 ./Core/Src/ssd1306.o
                                      0xbe115 (size before relaxing)
 .debug_str     0x00000000000bf091      0x16f ./Core/Src/stm32f4xx_hal_msp.o
                                      0xbe66c (size before relaxing)
 .debug_str     0x00000000000bf200       0xf4 ./Core/Src/stm32f4xx_it.o
                                      0xbdf21 (size before relaxing)
 .debug_str     0x00000000000bf2f4       0xdb ./Core/Src/system_stm32f4xx.o
                                      0xbdbd1 (size before relaxing)
 .debug_str     0x00000000000bf3cf       0x36 ./Core/Startup/startup_stm32f407vgtx.o
                                         0x82 (size before relaxing)
 .debug_str     0x00000000000bf405      0x5f0 ./Drivers/STM32F4xx_HAL_Driver/Src/stm32f4xx_hal.o
                                      0xbe755 (size before relaxing)
 .debug_str     0x00000000000bf9f5      0x337 ./Drivers/STM32F4xx_HAL_Driver/Src/stm32f4xx_hal_cortex.o
                                      0xbe488 (size before relaxing)
 .debug_str     0x00000000000bfd2c       0x95 ./Drivers/STM32F4xx_HAL_Driver/Src/stm32f4xx_hal_crc.o
                                      0xbdbff (size before relaxing)
 .debug_str     0x00000000000bfdc1      0x2f9 ./Drivers/STM32F4xx_HAL_Driver/Src/stm32f4xx_hal_dma.o
                                      0xbdfeb (size before relaxing)
 .debug_str     0x00000000000c00ba      0x11c ./Drivers/STM32F4xx_HAL_Driver/Src/stm32f4xx_hal_gpio.o
                                      0xbdd4c (size before relaxing)
 .debug_str     0x00000000000c01d6      0xaaf ./Drivers/STM32F4xx_HAL_Driver/Src/stm32f4xx_hal_i2c.o
                                      0xbeb9c (size before relaxing)
 .debug_str     0x00000000000c0c85      0x264 ./Drivers/STM32F4xx_HAL_Driver/Src/stm32f4xx_hal_i2s.o
                                      0xbe1c2 (size before relaxing)
 .debug_str     0x00000000000c0ee9      0x1d1 ./Drivers/STM32F4xx_HAL_Driver/Src/stm32f4xx_hal_i2s_ex.o
                                      0xbe0cd (size before relaxing)
 .debug_str     0x00000000000c10ba      0x213 ./Drivers/STM32F4xx_HAL_Driver/Src/stm32f4xx_hal_rcc.o
                                      0xbe005 (size before relaxing)
 .debug_str     0x00000000000c12cd       0xde ./Drivers/STM32F4xx_HAL_Driver/Src/stm32f4xx_hal_rcc_ex.o
                                      0xbdd23 (size before relaxing)
 .debug_str     0x00000000000c13ab       0xc1 ./PDM2PCM/App/pdm2pcm.o
                                      0xbe0df (size before relaxing)

.comment        0x0000000000000000       0xcf
 .comment       0x0000000000000000       0x50 ./Core/Src/fonts.o
                                         0x51 (size before relaxing)
 .comment       0x0000000000000050       0x51 ./Core/Src/main.o
 .comment       0x0000000000000050       0x51 ./Core/Src/ssd1306.o
 .comment       0x0000000000000050       0x51 ./Core/Src/stm32f4xx_hal_msp.o
 .comment       0x0000000000000050       0x51 ./Core/Src/stm32f4xx_it.o
 .comment       0x0000000000000050       0x51 ./Core/Src/system_stm32f4xx.o
 .comment       0x0000000000000050       0x51 ./Drivers/STM32F4xx_HAL_Driver/Src/stm32f4xx_hal.o
 .comment       0x0000000000000050       0x51 ./Drivers/STM32F4xx_HAL_Driver/Src/stm32f4xx_hal_cortex.o
 .comment       0x0000000000000050       0x51 ./Drivers/STM32F4xx_HAL_Driver/Src/stm32f4xx_hal_crc.o
 .comment       0x0000000000000050       0x51 ./Drivers/STM32F4xx_HAL_Driver/Src/stm32f4xx_hal_dma.o
 .comment       0x0000000000000050       0x51 ./Drivers/STM32F4xx_HAL_Driver/Src/stm32f4xx_hal_gpio.o
 .comment       0x0000000000000050       0x51 ./Drivers/STM32F4xx_HAL_Driver/Src/stm32f4xx_hal_i2c.o
 .comment       0x0000000000000050       0x51 ./Drivers/STM32F4xx_HAL_Driver/Src/stm32f4xx_hal_i2s.o
 .comment       0x0000000000000050       0x51 ./Drivers/STM32F4xx_HAL_Driver/Src/stm32f4xx_hal_i2s_ex.o
 .comment       0x0000000000000050       0x51 ./Drivers/STM32F4xx_HAL_Driver/Src/stm32f4xx_hal_rcc.o
 .comment       0x0000000000000050       0x51 ./Drivers/STM32F4xx_HAL_Driver/Src/stm32f4xx_hal_rcc_ex.o
 .comment       0x0000000000000050       0x51 ./PDM2PCM/App/pdm2pcm.o
 .comment       0x0000000000000050       0x7f ../Middlewares/ST/STM32_Audio/Addons/PDM/Lib\libPDMFilter_CM4_GCC_wc32.a(pdm_filter.o)
                                         0x80 (size before relaxing)
 .comment       0x00000000000000cf       0x80 ../Middlewares/ST/STM32_Audio/Addons/PDM/Lib\libPDMFilter_CM4_GCC_wc32.a(stm32_crc_lock.o)

.debug_ranges   0x0000000000000000      0x948
 .debug_ranges  0x0000000000000000       0x58 ./Core/Src/main.o
 .debug_ranges  0x0000000000000058       0x50 ./Core/Src/ssd1306.o
 .debug_ranges  0x00000000000000a8       0x40 ./Core/Src/stm32f4xx_hal_msp.o
 .debug_ranges  0x00000000000000e8       0x58 ./Core/Src/stm32f4xx_it.o
 .debug_ranges  0x0000000000000140       0x18 ./Core/Src/system_stm32f4xx.o
 .debug_ranges  0x0000000000000158       0x20 ./Core/Startup/startup_stm32f407vgtx.o
 .debug_ranges  0x0000000000000178       0xe0 ./Drivers/STM32F4xx_HAL_Driver/Src/stm32f4xx_hal.o
 .debug_ranges  0x0000000000000258      0x108 ./Drivers/STM32F4xx_HAL_Driver/Src/stm32f4xx_hal_cortex.o
 .debug_ranges  0x0000000000000360       0x40 ./Drivers/STM32F4xx_HAL_Driver/Src/stm32f4xx_hal_crc.o
 .debug_ranges  0x00000000000003a0       0x80 ./Drivers/STM32F4xx_HAL_Driver/Src/stm32f4xx_hal_dma.o
 .debug_ranges  0x0000000000000420       0x48 ./Drivers/STM32F4xx_HAL_Driver/Src/stm32f4xx_hal_gpio.o
 .debug_ranges  0x0000000000000468      0x2a8 ./Drivers/STM32F4xx_HAL_Driver/Src/stm32f4xx_hal_i2c.o
 .debug_ranges  0x0000000000000710       0xf8 ./Drivers/STM32F4xx_HAL_Driver/Src/stm32f4xx_hal_i2s.o
 .debug_ranges  0x0000000000000808       0x78 ./Drivers/STM32F4xx_HAL_Driver/Src/stm32f4xx_hal_i2s_ex.o
 .debug_ranges  0x0000000000000880       0x78 ./Drivers/STM32F4xx_HAL_Driver/Src/stm32f4xx_hal_rcc.o
 .debug_ranges  0x00000000000008f8       0x38 ./Drivers/STM32F4xx_HAL_Driver/Src/stm32f4xx_hal_rcc_ex.o
 .debug_ranges  0x0000000000000930       0x18 ./PDM2PCM/App/pdm2pcm.o

.debug_frame    0x0000000000000000     0x2c1c
 .debug_frame   0x0000000000000000      0x158 ./Core/Src/main.o
 .debug_frame   0x0000000000000158      0x164 ./Core/Src/ssd1306.o
 .debug_frame   0x00000000000002bc      0x114 ./Core/Src/stm32f4xx_hal_msp.o
 .debug_frame   0x00000000000003d0      0x120 ./Core/Src/stm32f4xx_it.o
 .debug_frame   0x00000000000004f0       0x58 ./Core/Src/system_stm32f4xx.o
 .debug_frame   0x0000000000000548      0x374 ./Drivers/STM32F4xx_HAL_Driver/Src/stm32f4xx_hal.o
 .debug_frame   0x00000000000008bc      0x498 ./Drivers/STM32F4xx_HAL_Driver/Src/stm32f4xx_hal_cortex.o
 .debug_frame   0x0000000000000d54      0x120 ./Drivers/STM32F4xx_HAL_Driver/Src/stm32f4xx_hal_crc.o
 .debug_frame   0x0000000000000e74      0x250 ./Drivers/STM32F4xx_HAL_Driver/Src/stm32f4xx_hal_dma.o
 .debug_frame   0x00000000000010c4      0x14c ./Drivers/STM32F4xx_HAL_Driver/Src/stm32f4xx_hal_gpio.o
 .debug_frame   0x0000000000001210      0xc5c ./Drivers/STM32F4xx_HAL_Driver/Src/stm32f4xx_hal_i2c.o
 .debug_frame   0x0000000000001e6c      0x484 ./Drivers/STM32F4xx_HAL_Driver/Src/stm32f4xx_hal_i2s.o
 .debug_frame   0x00000000000022f0      0x220 ./Drivers/STM32F4xx_HAL_Driver/Src/stm32f4xx_hal_i2s_ex.o
 .debug_frame   0x0000000000002510      0x1f4 ./Drivers/STM32F4xx_HAL_Driver/Src/stm32f4xx_hal_rcc.o
 .debug_frame   0x0000000000002704       0xf0 ./Drivers/STM32F4xx_HAL_Driver/Src/stm32f4xx_hal_rcc_ex.o
 .debug_frame   0x00000000000027f4       0x54 ./PDM2PCM/App/pdm2pcm.o
 .debug_frame   0x0000000000002848       0x20 c:/program files/st/stm32cubeide_1.12.1/stm32cubeide/plugins/com.st.stm32cube.ide.mcu.externaltools.gnu-tools-for-stm32.10.3-2021.10.win32_1.0.200.202301161003/tools/bin/../lib/gcc/arm-none-eabi/10.3.1/../../../../arm-none-eabi/lib/thumb/v7e-m+fp/hard\libc_nano.a(lib_a-errno.o)
 .debug_frame   0x0000000000002868       0x2c c:/program files/st/stm32cubeide_1.12.1/stm32cubeide/plugins/com.st.stm32cube.ide.mcu.externaltools.gnu-tools-for-stm32.10.3-2021.10.win32_1.0.200.202301161003/tools/bin/../lib/gcc/arm-none-eabi/10.3.1/../../../../arm-none-eabi/lib/thumb/v7e-m+fp/hard\libc_nano.a(lib_a-init.o)
 .debug_frame   0x0000000000002894       0x20 c:/program files/st/stm32cubeide_1.12.1/stm32cubeide/plugins/com.st.stm32cube.ide.mcu.externaltools.gnu-tools-for-stm32.10.3-2021.10.win32_1.0.200.202301161003/tools/bin/../lib/gcc/arm-none-eabi/10.3.1/../../../../arm-none-eabi/lib/thumb/v7e-m+fp/hard\libc_nano.a(lib_a-memset.o)
 .debug_frame   0x00000000000028b4       0x20 c:/program files/st/stm32cubeide_1.12.1/stm32cubeide/plugins/com.st.stm32cube.ide.mcu.externaltools.gnu-tools-for-stm32.10.3-2021.10.win32_1.0.200.202301161003/tools/bin/../lib/gcc/arm-none-eabi/10.3.1/../../../../arm-none-eabi/lib/thumb/v7e-m+fp/hard\libm.a(lib_a-sf_round.o)
 .debug_frame   0x00000000000028d4       0x48 c:/program files/st/stm32cubeide_1.12.1/stm32cubeide/plugins/com.st.stm32cube.ide.mcu.externaltools.gnu-tools-for-stm32.10.3-2021.10.win32_1.0.200.202301161003/tools/bin/../lib/gcc/arm-none-eabi/10.3.1/../../../../arm-none-eabi/lib/thumb/v7e-m+fp/hard\libm.a(lib_a-wf_pow.o)
 .debug_frame   0x000000000000291c       0x7c c:/program files/st/stm32cubeide_1.12.1/stm32cubeide/plugins/com.st.stm32cube.ide.mcu.externaltools.gnu-tools-for-stm32.10.3-2021.10.win32_1.0.200.202301161003/tools/bin/../lib/gcc/arm-none-eabi/10.3.1/../../../../arm-none-eabi/lib/thumb/v7e-m+fp/hard\libm.a(lib_a-ef_pow.o)
 .debug_frame   0x0000000000002998       0x20 c:/program files/st/stm32cubeide_1.12.1/stm32cubeide/plugins/com.st.stm32cube.ide.mcu.externaltools.gnu-tools-for-stm32.10.3-2021.10.win32_1.0.200.202301161003/tools/bin/../lib/gcc/arm-none-eabi/10.3.1/../../../../arm-none-eabi/lib/thumb/v7e-m+fp/hard\libm.a(lib_a-ef_sqrt.o)
 .debug_frame   0x00000000000029b8       0x7c c:/program files/st/stm32cubeide_1.12.1/stm32cubeide/plugins/com.st.stm32cube.ide.mcu.externaltools.gnu-tools-for-stm32.10.3-2021.10.win32_1.0.200.202301161003/tools/bin/../lib/gcc/arm-none-eabi/10.3.1/../../../../arm-none-eabi/lib/thumb/v7e-m+fp/hard\libm.a(lib_a-math_errf.o)
 .debug_frame   0x0000000000002a34       0x20 c:/program files/st/stm32cubeide_1.12.1/stm32cubeide/plugins/com.st.stm32cube.ide.mcu.externaltools.gnu-tools-for-stm32.10.3-2021.10.win32_1.0.200.202301161003/tools/bin/../lib/gcc/arm-none-eabi/10.3.1/../../../../arm-none-eabi/lib/thumb/v7e-m+fp/hard\libm.a(lib_a-sf_fabs.o)
 .debug_frame   0x0000000000002a54       0x28 c:/program files/st/stm32cubeide_1.12.1/stm32cubeide/plugins/com.st.stm32cube.ide.mcu.externaltools.gnu-tools-for-stm32.10.3-2021.10.win32_1.0.200.202301161003/tools/bin/../lib/gcc/arm-none-eabi/10.3.1/../../../../arm-none-eabi/lib/thumb/v7e-m+fp/hard\libm.a(lib_a-sf_finite.o)
 .debug_frame   0x0000000000002a7c       0x20 c:/program files/st/stm32cubeide_1.12.1/stm32cubeide/plugins/com.st.stm32cube.ide.mcu.externaltools.gnu-tools-for-stm32.10.3-2021.10.win32_1.0.200.202301161003/tools/bin/../lib/gcc/arm-none-eabi/10.3.1/../../../../arm-none-eabi/lib/thumb/v7e-m+fp/hard\libm.a(lib_a-sf_scalbn.o)
 .debug_frame   0x0000000000002a9c       0xac c:/program files/st/stm32cubeide_1.12.1/stm32cubeide/plugins/com.st.stm32cube.ide.mcu.externaltools.gnu-tools-for-stm32.10.3-2021.10.win32_1.0.200.202301161003/tools/bin/../lib/gcc/arm-none-eabi/10.3.1/thumb/v7e-m+fp/hard\libgcc.a(_arm_addsubdf3.o)
 .debug_frame   0x0000000000002b48       0x50 c:/program files/st/stm32cubeide_1.12.1/stm32cubeide/plugins/com.st.stm32cube.ide.mcu.externaltools.gnu-tools-for-stm32.10.3-2021.10.win32_1.0.200.202301161003/tools/bin/../lib/gcc/arm-none-eabi/10.3.1/thumb/v7e-m+fp/hard\libgcc.a(_arm_muldivdf3.o)
 .debug_frame   0x0000000000002b98       0x24 c:/program files/st/stm32cubeide_1.12.1/stm32cubeide/plugins/com.st.stm32cube.ide.mcu.externaltools.gnu-tools-for-stm32.10.3-2021.10.win32_1.0.200.202301161003/tools/bin/../lib/gcc/arm-none-eabi/10.3.1/thumb/v7e-m+fp/hard\libgcc.a(_arm_fixdfsi.o)
 .debug_frame   0x0000000000002bbc       0x2c c:/program files/st/stm32cubeide_1.12.1/stm32cubeide/plugins/com.st.stm32cube.ide.mcu.externaltools.gnu-tools-for-stm32.10.3-2021.10.win32_1.0.200.202301161003/tools/bin/../lib/gcc/arm-none-eabi/10.3.1/thumb/v7e-m+fp/hard\libgcc.a(_aeabi_uldivmod.o)
 .debug_frame   0x0000000000002be8       0x34 c:/program files/st/stm32cubeide_1.12.1/stm32cubeide/plugins/com.st.stm32cube.ide.mcu.externaltools.gnu-tools-for-stm32.10.3-2021.10.win32_1.0.200.202301161003/tools/bin/../lib/gcc/arm-none-eabi/10.3.1/thumb/v7e-m+fp/hard\libgcc.a(_udivmoddi4.o)
