../Core/Src/main.c:96:5:main	48	static
../Core/Src/main.c:204:6:SystemClock_Config	88	static
../Core/Src/main.c:250:13:MX_CRC_Init	8	static
../Core/Src/main.c:277:13:MX_I2C1_Init	8	static
../Core/Src/main.c:311:13:MX_I2S2_Init	8	static
../Core/Src/main.c:343:13:MX_DMA_Init	16	static
../Core/Src/main.c:361:13:MX_GPIO_Init	48	static
../Core/Src/main.c:401:6:HAL_I2S_RxHalfCpltCallback	16	static
../Core/Src/main.c:405:6:HAL_I2S_RxCpltCallback	16	static
../Core/Src/main.c:414:6:Error_Handler	4	static,ignoring_inline_asm
